    Finished `test` profile [unoptimized + debuginfo] target(s) in 0.10s
     Running tests/integration/main.rs (/home/ubuntu/repos/phase-verifiable-loop/target/debug/deps/integration-7bdd4945820186df)

running 91 tests
test trigger_suppression_event_timing::aggregate_payment_no_hush_and_surviving_hush_single_payment_controls ... ok
test trigger_suppression_event_timing::ambiguous_delayed_primary_alternative_co_death_and_identity_compatibility ... ok
test trigger_suppression_event_timing::ambiguous_reflexive_compatibility_and_empty_creation_disposal ... ok
test trigger_suppression_event_timing::ambiguous_registered_delayed_matchers_preserve_ungated_compatibility ... ok
test trigger_suppression_event_timing::attachment_relative_suppression_binds_live_relation_before_departure ... 
thread 'trigger_suppression_event_timing::attachment_relative_suppression_binds_live_relation_before_departure' (3101624) panicked at crates/engine/tests/integration/trigger_suppression_event_timing.rs:3741:9:
assertion `left == right` failed
  left: 1
 right: 0
note: run with `RUST_BACKTRACE=1` environment variable to display a backtrace
FAILED
test trigger_suppression_event_timing::augment_subject_preserves_the_sba_owner_and_co_departed_observer_payoff ... ok
test trigger_suppression_event_timing::battlefield_library_choice_preserves_selected_group_and_nondeath_payoff ... 
thread 'trigger_suppression_event_timing::battlefield_library_choice_preserves_selected_group_and_nondeath_payoff' (3101626) panicked at crates/engine/tests/integration/trigger_suppression_event_timing.rs:4118:13:
assertion failed: matches!(paused.final_waiting_for(), WaitingFor::EffectZoneChoice
    {
        effect_kind: engine::types::ability::EffectKind::PutAtLibraryPosition,
        ..
    })
FAILED
test trigger_suppression_event_timing::change_zone_choice_uses_selected_objects_and_finalizes_before_continuation ... 
thread 'trigger_suppression_event_timing::change_zone_choice_uses_selected_objects_and_finalizes_before_continuation' (3101627) panicked at crates/engine/tests/integration/trigger_suppression_event_timing.rs:2398:13:
assertion `left == right` failed
  left: 1
 right: 0
FAILED
test trigger_suppression_event_timing::chosen_sacrifice_closes_before_later_hush_departure_instruction ... 
thread 'trigger_suppression_event_timing::chosen_sacrifice_closes_before_later_hush_departure_instruction' (3101628) panicked at crates/engine/tests/integration/trigger_suppression_event_timing.rs:3107:13:
assertion `left == right` failed
  left: 1
 right: 0
FAILED
test trigger_suppression_event_timing::chosen_spell_and_activation_cost_rejection_preserves_state_for_valid_retry ... 
thread 'trigger_suppression_event_timing::chosen_spell_and_activation_cost_rejection_preserves_state_for_valid_retry' (3101629) panicked at crates/engine/tests/integration/trigger_suppression_event_timing.rs:2822:17:
assertion `left == right` failed
  left: 1
 right: 0
FAILED
test trigger_suppression_event_timing::clause_local_disjunction_registers_once_for_eligible_sibling ... 
thread 'trigger_suppression_event_timing::clause_local_disjunction_registers_once_for_eligible_sibling' (3101630) panicked at crates/engine/src/game/scenario.rs:3353:9:
assertion `left == right` failed: P0 life delta: expected 0, got 1 (before 20, final 21)
  left: 1
 right: 0
FAILED
test trigger_suppression_event_timing::co_departed_observer_and_self_trigger_both_use_before_suppression ... 
thread 'trigger_suppression_event_timing::co_departed_observer_and_self_trigger_both_use_before_suppression' (3101631) panicked at crates/engine/src/game/scenario.rs:3353:9:
assertion `left == right` failed: P0 life delta: expected 0, got 1 (before 20, final 21)
  left: 1
 right: 0
FAILED
test trigger_suppression_event_timing::completed_keep_sacrifice_sweeps_share_one_boundary_across_choice_routes ... 
thread 'trigger_suppression_event_timing::completed_keep_sacrifice_sweeps_share_one_boundary_across_choice_routes' (3101632) panicked at crates/engine/tests/integration/trigger_suppression_event_timing.rs:809:17:
assertion `left == right` failed: route=0, hush_first=false
  left: 1
 right: 0
FAILED
test trigger_suppression_event_timing::controller_relative_and_conditional_suppression_bind_before_departure ... 
thread 'trigger_suppression_event_timing::controller_relative_and_conditional_suppression_bind_before_departure' (3101633) panicked at crates/engine/tests/integration/trigger_suppression_event_timing.rs:2290:13:
assertion `left == right` failed
  left: 2
 right: 1
FAILED
test trigger_suppression_event_timing::cross_pause_batch_preserves_completed_segment_compatibility_and_no_hush_twin ... ok
test trigger_suppression_event_timing::dedicated_mill_exile_and_torpor_only_etb_controls_remain_positive ... ok
test trigger_suppression_event_timing::delayed_cleanup_retains_persistent_and_expires_this_turn_listeners ... 
thread 'trigger_suppression_event_timing::delayed_cleanup_retains_persistent_and_expires_this_turn_listeners' (3101636) panicked at crates/engine/src/game/scenario.rs:3353:9:
assertion `left == right` failed: P0 life delta: expected 0, got 15 (before 20, final 35)
  left: 15
 right: 0
FAILED
test trigger_suppression_event_timing::delayed_first_suppressed_occurrence_retains_one_shot_or_recurring_listener ... 
thread 'trigger_suppression_event_timing::delayed_first_suppressed_occurrence_retains_one_shot_or_recurring_listener' (3101637) panicked at crates/engine/src/game/scenario.rs:3353:9:
assertion `left == right` failed: P0 life delta: expected 0, got 3 (before 20, final 23)
  left: 3
 right: 0
FAILED
test trigger_suppression_event_timing::delayed_native_sacrifice_and_exile_alternatives_remain_eligible ... 
thread 'trigger_suppression_event_timing::delayed_native_sacrifice_and_exile_alternatives_remain_eligible' (3101638) panicked at crates/engine/src/game/scenario.rs:3353:9:
assertion `left == right` failed: P0 life delta: expected 0, got 2 (before 20, final 22)
  left: 2
 right: 0
FAILED
test trigger_suppression_event_timing::delayed_reflexive_suppression_discards_unmatched_listener ... 
thread 'trigger_suppression_event_timing::delayed_reflexive_suppression_discards_unmatched_listener' (3101639) panicked at crates/engine/src/game/scenario.rs:3353:9:
assertion `left == right` failed: P0 life delta: expected 0, got 3 (before 20, final 23)
  left: 3
 right: 0
FAILED
test trigger_suppression_event_timing::delayed_same_occurrence_tries_eligible_alternative_exactly_once ... 
thread 'trigger_suppression_event_timing::delayed_same_occurrence_tries_eligible_alternative_exactly_once' (3101640) panicked at crates/engine/src/game/scenario.rs:3353:9:
assertion `left == right` failed: P0 life delta: expected 0, got 4 (before 20, final 24)
  left: 4
 right: 0
FAILED
test trigger_suppression_event_timing::destroy_guard_regeneration_and_indestructible_preserve_actual_departures_only ... ok
test trigger_suppression_event_timing::destroy_self_reference_and_partial_illegality_preserve_existing_guards ... ok
test trigger_suppression_event_timing::devour_child_sacrifice_is_independent_of_parent_co_entry ... 
thread 'trigger_suppression_event_timing::devour_child_sacrifice_is_independent_of_parent_co_entry' (3101643) panicked at crates/engine/tests/integration/trigger_suppression_event_timing.rs:2644:9:
assertion `left == right` failed
  left: 1
 right: 0
FAILED
test trigger_suppression_event_timing::distinct_controller_delayed_listeners_keep_creation_source_and_controller ... 
thread 'trigger_suppression_event_timing::distinct_controller_delayed_listeners_keep_creation_source_and_controller' (3101644) panicked at crates/engine/src/game/scenario.rs:3353:9:
assertion `left == right` failed: P0 life delta: expected 0, got 3 (before 20, final 23)
  left: 3
 right: 0
FAILED
test trigger_suppression_event_timing::dynamic_after_world_inverse_and_library_leaf_keep_runtime_positive_twins ... ok
test trigger_suppression_event_timing::effect_zone_choice_pay_cost_uses_selected_group_before_continuation ... 
thread 'trigger_suppression_event_timing::effect_zone_choice_pay_cost_uses_selected_group_before_continuation' (3101646) panicked at crates/engine/tests/integration/trigger_suppression_event_timing.rs:3045:17:
assertion `left == right` failed
  left: []
 right: [ObjectId(2)]
FAILED
test trigger_suppression_event_timing::empty_sweep_and_zero_choice_do_not_leak_into_later_death ... ok
test trigger_suppression_event_timing::enters_or_attacks_attack_and_combat_dependent_suppression_use_real_combat ... ok
test trigger_suppression_event_timing::first_departing_granter_preserves_later_member_types_and_trigger ... ok
test trigger_suppression_event_timing::from_anywhere_and_dies_observers_choose_different_worlds ... 
thread 'trigger_suppression_event_timing::from_anywhere_and_dies_observers_choose_different_worlds' (3101650) panicked at crates/engine/src/game/scenario.rs:3353:9:
assertion `left == right` failed: P0 life delta: expected 1, got 2 (before 20, final 22)
  left: 2
 right: 1
FAILED
test trigger_suppression_event_timing::granted_suppression_and_granted_death_trigger_use_effective_abilities ... 
thread 'trigger_suppression_event_timing::granted_suppression_and_granted_death_trigger_use_effective_abilities' (3101651) panicked at crates/engine/src/game/scenario.rs:3353:9:
assertion `left == right` failed: P0 life delta: expected 0, got 2 (before 20, final 22)
  left: 2
 right: 0
FAILED
test trigger_suppression_event_timing::haunt_payoff_uses_the_linked_subject_death_before_world ... 
thread 'trigger_suppression_event_timing::haunt_payoff_uses_the_linked_subject_death_before_world' (3101652) panicked at crates/engine/src/game/scenario.rs:3353:9:
assertion `left == right` failed: P0 life delta: expected 0, got 3 (before 20, final 23)
  left: 3
 right: 0
FAILED
test trigger_suppression_event_timing::inherited_sacrifice_current_controller_and_unauthorized_nonanaphoric_siblings ... ok
test trigger_suppression_event_timing::inherited_sacrifice_no_hush_and_single_slot_controls ... ok
test trigger_suppression_event_timing::known_gap_aggregate_paid_continuation_should_resume_sequential_sibling ... 
thread 'trigger_suppression_event_timing::known_gap_aggregate_paid_continuation_should_resume_sequential_sibling' (3101655) panicked at crates/engine/tests/integration/trigger_suppression_event_timing.rs:1504:5:
assertion `left == right` failed: desired sequential gain/payment payoff
  left: 20
 right: 21
FAILED
test trigger_suppression_event_timing::known_gap_aggregate_payment_should_group_completed_selection ... 
thread 'trigger_suppression_event_timing::known_gap_aggregate_payment_should_group_completed_selection' (3101656) panicked at crates/engine/tests/integration/trigger_suppression_event_timing.rs:1509:5:
assertion `left == right` failed: aggregate grouping; reverse=false
  left: 1
 right: 0
FAILED
test trigger_suppression_event_timing::known_gap_aggregate_payment_should_group_completed_selection_reversed ... 
thread 'trigger_suppression_event_timing::known_gap_aggregate_payment_should_group_completed_selection_reversed' (3101657) panicked at crates/engine/tests/integration/trigger_suppression_event_timing.rs:1509:5:
assertion `left == right` failed: aggregate grouping; reverse=true
  left: 1
 right: 0
FAILED
test trigger_suppression_event_timing::known_gap_ambiguous_registered_delayed_should_be_suppressed ... 
thread 'trigger_suppression_event_timing::known_gap_ambiguous_registered_delayed_should_be_suppressed' (3101658) panicked at crates/engine/src/game/scenario.rs:3353:9:
assertion `left == right` failed: P0 life delta: expected 0, got 2 (before 20, final 22)
  left: 2
 right: 0
FAILED
test trigger_suppression_event_timing::known_gap_cast_created_regeneration_shield_should_survive_to_destroy ... 
thread 'trigger_suppression_event_timing::known_gap_cast_created_regeneration_shield_should_survive_to_destroy' (3101659) panicked at crates/engine/src/game/scenario.rs:3342:13:
assertion `left == right` failed: object 2 expected in Battlefield, found in Graveyard
  left: Graveyard
 right: Battlefield
FAILED
test trigger_suppression_event_timing::known_gap_cast_created_regeneration_shield_should_survive_to_destroy_hush ... 
thread 'trigger_suppression_event_timing::known_gap_cast_created_regeneration_shield_should_survive_to_destroy_hush' (3101660) panicked at crates/engine/src/game/scenario.rs:3342:13:
assertion `left == right` failed: object 1 expected in Battlefield, found in Graveyard
  left: Graveyard
 right: Battlefield
FAILED
test trigger_suppression_event_timing::known_gap_cast_created_regeneration_shield_should_survive_to_destroy_hush_reversed ... 
thread 'trigger_suppression_event_timing::known_gap_cast_created_regeneration_shield_should_survive_to_destroy_hush_reversed' (3101661) panicked at crates/engine/src/game/scenario.rs:3342:13:
assertion `left == right` failed: object 1 expected in Battlefield, found in Graveyard
  left: Graveyard
 right: Battlefield
FAILED
test trigger_suppression_event_timing::known_gap_cast_created_regeneration_shield_should_survive_to_destroy_traveler_reversed ... 
thread 'trigger_suppression_event_timing::known_gap_cast_created_regeneration_shield_should_survive_to_destroy_traveler_reversed' (3101662) panicked at crates/engine/src/game/scenario.rs:3342:13:
assertion `left == right` failed: object 2 expected in Battlefield, found in Graveyard
  left: Graveyard
 right: Battlefield
FAILED
test trigger_suppression_event_timing::known_gap_cross_pause_batch_should_share_full_group_suppression ... 
thread 'trigger_suppression_event_timing::known_gap_cross_pause_batch_should_share_full_group_suppression' (3101663) panicked at crates/engine/tests/integration/trigger_suppression_event_timing.rs:2575:5:
assertion `left == right` failed
  left: 1
 right: 0
FAILED
test trigger_suppression_event_timing::known_gap_inherited_target_sacrifice_should_group_both_departures ... 
thread 'trigger_suppression_event_timing::known_gap_inherited_target_sacrifice_should_group_both_departures' (3101664) panicked at crates/engine/tests/integration/trigger_suppression_event_timing.rs:1374:5:
assertion `left == right` failed
  left: 1
 right: 0
FAILED
test trigger_suppression_event_timing::known_gap_inherited_target_sacrifice_should_group_both_departures_reversed ... 
thread 'trigger_suppression_event_timing::known_gap_inherited_target_sacrifice_should_group_both_departures_reversed' (3101665) panicked at crates/engine/tests/integration/trigger_suppression_event_timing.rs:1374:5:
assertion `left == right` failed
  left: 1
 right: 0
FAILED
test trigger_suppression_event_timing::known_gap_legacy_direct_delayed_should_be_suppressed ... 
thread 'trigger_suppression_event_timing::known_gap_legacy_direct_delayed_should_be_suppressed' (3101666) panicked at crates/engine/src/game/scenario.rs:3353:9:
assertion `left == right` failed: P0 life delta: expected 0, got 2 (before 20, final 22)
  left: 2
 right: 0
FAILED
test trigger_suppression_event_timing::known_gap_legacy_when_dies_or_exiled_should_be_suppressed ... 
thread 'trigger_suppression_event_timing::known_gap_legacy_when_dies_or_exiled_should_be_suppressed' (3101667) panicked at crates/engine/src/game/scenario.rs:3353:9:
assertion `left == right` failed: P0 life delta: expected 0, got 2 (before 20, final 22)
  left: 2
 right: 0
FAILED
test trigger_suppression_event_timing::known_gap_legacy_when_dies_should_be_suppressed ... 
thread 'trigger_suppression_event_timing::known_gap_legacy_when_dies_should_be_suppressed' (3101668) panicked at crates/engine/src/game/scenario.rs:3353:9:
assertion `left == right` failed: P0 life delta: expected 0, got 2 (before 20, final 22)
  left: 2
 right: 0
FAILED
test trigger_suppression_event_timing::known_gap_legacy_when_enters_should_be_suppressed ... 
thread 'trigger_suppression_event_timing::known_gap_legacy_when_enters_should_be_suppressed' (3101669) panicked at crates/engine/src/game/scenario.rs:3353:9:
assertion `left == right` failed: P0 life delta: expected 0, got 2 (before 20, final 22)
  left: 2
 right: 0
FAILED
test trigger_suppression_event_timing::known_gap_legacy_when_leaves_filtered_should_be_suppressed ... 
thread 'trigger_suppression_event_timing::known_gap_legacy_when_leaves_filtered_should_be_suppressed' (3101670) panicked at crates/engine/src/game/scenario.rs:3353:9:
assertion `left == right` failed: P0 life delta: expected 0, got 2 (before 20, final 22)
  left: 2
 right: 0
FAILED
test trigger_suppression_event_timing::known_gap_merged_intrinsic_flush_should_preserve_later_member_world ... 
thread 'trigger_suppression_event_timing::known_gap_merged_intrinsic_flush_should_preserve_later_member_world' (3101671) panicked at crates/engine/tests/integration/trigger_suppression_event_timing.rs:4001:5:
assertion `left == right` failed
  left: []
 right: [ObjectId(1)]
FAILED
test trigger_suppression_event_timing::known_gap_restricted_registered_delayed_should_be_suppressed ... 
thread 'trigger_suppression_event_timing::known_gap_restricted_registered_delayed_should_be_suppressed' (3101672) panicked at crates/engine/src/game/scenario.rs:3353:9:
assertion `left == right` failed: P0 life delta: expected 0, got 2 (before 20, final 22)
  left: 2
 right: 0
FAILED
test trigger_suppression_event_timing::known_gap_resumed_change_zone_no_hush_should_pay_once ... 
thread 'trigger_suppression_event_timing::known_gap_resumed_change_zone_no_hush_should_pay_once' (3101673) panicked at crates/engine/tests/integration/trigger_suppression_event_timing.rs:2501:5:
assertion `left == right` failed: resumed payoff; hush=false, reverse=false, pause=true
  left: 2
 right: 1
FAILED
test trigger_suppression_event_timing::known_gap_resumed_change_zone_no_hush_should_pay_once_reversed ... 
thread 'trigger_suppression_event_timing::known_gap_resumed_change_zone_no_hush_should_pay_once_reversed' (3101674) panicked at crates/engine/tests/integration/trigger_suppression_event_timing.rs:2501:5:
assertion `left == right` failed: resumed payoff; hush=false, reverse=true, pause=true
  left: 2
 right: 1
FAILED
test trigger_suppression_event_timing::legacy_direct_delayed_identity_and_nondeath_siblings_preserve_lifetime ... ok
test trigger_suppression_event_timing::legacy_direct_delayed_no_hush_positive_controls ... ok
test trigger_suppression_event_timing::legacy_direct_delayed_surviving_hush_bypass_compatibility ... ok
test trigger_suppression_event_timing::library_position_choice_and_targeted_leaf_preserve_non_death_events ... ok
test trigger_suppression_event_timing::merged_intrinsic_flush_limit_has_a_subject_first_positive_twin ... 
thread 'trigger_suppression_event_timing::merged_intrinsic_flush_limit_has_a_subject_first_positive_twin' (3101681) panicked at crates/engine/tests/integration/trigger_suppression_event_timing.rs:4001:5:
assertion `left == right` failed
  left: []
 right: [ObjectId(1)]
FAILED
test trigger_suppression_event_timing::multi_object_spell_sacrifice_cost_preserves_commit_and_suppression ... 
thread 'trigger_suppression_event_timing::multi_object_spell_sacrifice_cost_preserves_commit_and_suppression' (3101682) panicked at crates/engine/tests/integration/trigger_suppression_event_timing.rs:949:13:
assertion `left == right` failed
  left: 1
 right: 0
FAILED
test trigger_suppression_event_timing::natural_effect_zone_choice_finalizes_before_chained_hush_departure ... 
thread 'trigger_suppression_event_timing::natural_effect_zone_choice_finalizes_before_chained_hush_departure' (3101683) panicked at crates/engine/tests/integration/trigger_suppression_event_timing.rs:922:13:
assertion `left == right` failed
  left: 1
 right: 0
FAILED
test trigger_suppression_event_timing::not_equals_battlefield_rejects_death_but_allows_real_library_graveyard_move ... ok
test trigger_suppression_event_timing::opponent_scoped_keep_sweep_preserves_owner_and_out_of_scope_board ... 
thread 'trigger_suppression_event_timing::opponent_scoped_keep_sweep_preserves_owner_and_out_of_scope_board' (3101685) panicked at crates/engine/tests/integration/trigger_suppression_event_timing.rs:4199:13:
assertion `left == right` failed
  left: 1
 right: 0
FAILED
test trigger_suppression_event_timing::oracle_wrath_hush_first_suppresses_simultaneous_traveler_death ... 
thread 'trigger_suppression_event_timing::oracle_wrath_hush_first_suppresses_simultaneous_traveler_death' (3101686) panicked at crates/engine/tests/integration/trigger_suppression_event_timing.rs:135:5:
assertion `left == right` failed: simultaneous-death-suppressed; hush_first=true
  left: 1
 right: 0
FAILED
test trigger_suppression_event_timing::oracle_wrath_traveler_first_suppresses_simultaneous_traveler_death ... 
thread 'trigger_suppression_event_timing::oracle_wrath_traveler_first_suppresses_simultaneous_traveler_death' (3101687) panicked at crates/engine/tests/integration/trigger_suppression_event_timing.rs:135:5:
assertion `left == right` failed: simultaneous-death-suppressed; hush_first=false
  left: 1
 right: 0
FAILED
test trigger_suppression_event_timing::oracle_wrath_without_hush_creates_exactly_one_spirit ... ok
test trigger_suppression_event_timing::ordinary_ambiguous_origins_preserve_live_collection_compatibility ... ok
test trigger_suppression_event_timing::paused_choice_state_roundtrip_and_following_action_have_no_stale_scope ... 
thread 'trigger_suppression_event_timing::paused_choice_state_roundtrip_and_following_action_have_no_stale_scope' (3101706) panicked at crates/engine/tests/integration/trigger_suppression_event_timing.rs:1916:5:
assertion `left == right` failed
  left: 1
 right: 0
FAILED
test trigger_suppression_event_timing::real_mutate_cast_departure_preserves_component_routing_and_normal_group_controls ... 
thread 'trigger_suppression_event_timing::real_mutate_cast_departure_preserves_component_routing_and_normal_group_controls' (3101707) panicked at crates/engine/tests/integration/trigger_suppression_event_timing.rs:4001:5:
assertion `left == right` failed
  left: []
 right: [ObjectId(1)]
FAILED
test trigger_suppression_event_timing::remaining_complete_producers_capture_each_actual_group ... 
thread 'trigger_suppression_event_timing::remaining_complete_producers_capture_each_actual_group' (3101708) panicked at crates/engine/tests/integration/trigger_suppression_event_timing.rs:883:17:
assertion `left == right` failed: route=0 hush_first=false
  left: 1
 right: 0
FAILED
test trigger_suppression_event_timing::repeated_object_id_retains_distinct_incarnation_and_event_suppression ... 
thread 'trigger_suppression_event_timing::repeated_object_id_retains_distinct_incarnation_and_event_suppression' (3101709) panicked at crates/engine/tests/integration/trigger_suppression_event_timing.rs:2040:9:
assertion `left == right` failed
  left: 0
 right: 1
FAILED
test trigger_suppression_event_timing::resumed_change_zone_no_hush_duplicate_payoff_compatibility ... ok
test trigger_suppression_event_timing::resumed_change_zone_tail_suppression_uses_authoritative_records ... 
thread 'trigger_suppression_event_timing::resumed_change_zone_tail_suppression_uses_authoritative_records' (3101711) panicked at crates/engine/tests/integration/trigger_suppression_event_timing.rs:2501:5:
assertion `left == right` failed: resumed payoff; hush=true, reverse=false, pause=true
  left: 2
 right: 0
FAILED
test trigger_suppression_event_timing::seeded_regeneration_guard_preserves_actual_departures_only ... 
thread 'trigger_suppression_event_timing::seeded_regeneration_guard_preserves_actual_departures_only' (3101712) panicked at crates/engine/tests/integration/trigger_suppression_event_timing.rs:1870:21:
assertion `left == right` failed
  left: 1
 right: 0
FAILED
test trigger_suppression_event_timing::self_from_anywhere_exception_functions_in_destination_with_hush_surviving ... 
thread 'trigger_suppression_event_timing::self_from_anywhere_exception_functions_in_destination_with_hush_surviving' (3101713) panicked at crates/engine/src/game/scenario.rs:3353:9:
assertion `left == right` failed: P0 life delta: expected 2, got 0 (before 20, final 20)
  left: 0
 right: 2
FAILED
test trigger_suppression_event_timing::separate_deferred_spell_sacrifice_cost_components_bind_separate_worlds ... COST_COMPONENT_PROOF deferred=true with_hush=false traveler_first=false spirits=1 expected=1 h_peers=[ObjectId(2)] t_peers=[ObjectId(1)] t_snapshot=null life=22 zones=[Graveyard, Graveyard, Graveyard]

thread 'trigger_suppression_event_timing::separate_deferred_spell_sacrifice_cost_components_bind_separate_worlds' (3101714) panicked at crates/engine/tests/integration/trigger_suppression_event_timing.rs:3169:9:
assertion failed: departure(&result, id).co_departed.is_empty()
FAILED
test trigger_suppression_event_timing::separate_deferred_spell_sacrifice_cost_components_hush_first ... COST_COMPONENT_PROOF deferred=true with_hush=true traveler_first=false spirits=1 expected=1 h_peers=[ObjectId(2)] t_peers=[ObjectId(1)] t_snapshot=null life=22 zones=[Graveyard, Graveyard, Graveyard]

thread 'trigger_suppression_event_timing::separate_deferred_spell_sacrifice_cost_components_hush_first' (3101715) panicked at crates/engine/tests/integration/trigger_suppression_event_timing.rs:3169:9:
assertion failed: departure(&result, id).co_departed.is_empty()
FAILED
test trigger_suppression_event_timing::separate_deferred_spell_sacrifice_cost_components_no_hush_reversed ... COST_COMPONENT_PROOF deferred=true with_hush=false traveler_first=true spirits=1 expected=1 h_peers=[ObjectId(2)] t_peers=[ObjectId(1)] t_snapshot=null life=22 zones=[Graveyard, Graveyard, Graveyard]

thread 'trigger_suppression_event_timing::separate_deferred_spell_sacrifice_cost_components_no_hush_reversed' (3101716) panicked at crates/engine/tests/integration/trigger_suppression_event_timing.rs:3169:9:
assertion failed: departure(&result, id).co_departed.is_empty()
FAILED
test trigger_suppression_event_timing::separate_deferred_spell_sacrifice_cost_components_traveler_first ... COST_COMPONENT_PROOF deferred=true with_hush=true traveler_first=true spirits=1 expected=0 h_peers=[ObjectId(2)] t_peers=[ObjectId(1)] t_snapshot=null life=22 zones=[Graveyard, Graveyard, Graveyard]

thread 'trigger_suppression_event_timing::separate_deferred_spell_sacrifice_cost_components_traveler_first' (3101717) panicked at crates/engine/tests/integration/trigger_suppression_event_timing.rs:3164:5:
assertion `left == right` failed
  left: 1
 right: 0
FAILED
test trigger_suppression_event_timing::separate_spell_sacrifice_cost_components_bind_separate_worlds ... COST_COMPONENT_PROOF deferred=false with_hush=false traveler_first=false spirits=1 expected=1 h_peers=[] t_peers=[] t_snapshot=null life=22 zones=[Graveyard, Graveyard, Graveyard]
COST_COMPONENT_PROOF deferred=false with_hush=false traveler_first=true spirits=1 expected=1 h_peers=[] t_peers=[] t_snapshot=null life=22 zones=[Graveyard, Graveyard, Graveyard]
COST_COMPONENT_PROOF deferred=false with_hush=true traveler_first=false spirits=1 expected=1 h_peers=[] t_peers=[] t_snapshot=null life=22 zones=[Graveyard, Graveyard, Graveyard]
COST_COMPONENT_PROOF deferred=false with_hush=true traveler_first=true spirits=0 expected=0 h_peers=[] t_peers=[] t_snapshot=null life=22 zones=[Graveyard, Graveyard, Graveyard]
ok
test trigger_suppression_event_timing::sequential_destroy_instructions_bind_separate_before_worlds ... 
thread 'trigger_suppression_event_timing::sequential_destroy_instructions_bind_separate_before_worlds' (3101719) panicked at crates/engine/tests/integration/trigger_suppression_event_timing.rs:299:9:
assertion `left == right` failed
  left: 1
 right: 0
FAILED
test trigger_suppression_event_timing::single_departure_after_world_observes_ability_removal_source_leaving ... ok
test trigger_suppression_event_timing::standalone_zone_leaf_after_world_inverse_reaches_unowned_sacrifice ... ok
test trigger_suppression_event_timing::stripped_or_phased_suppressor_allows_the_same_reached_death ... ok
test trigger_suppression_event_timing::successive_sba_iterations_bind_new_world_after_suppressor_dies ... ok
test trigger_suppression_event_timing::two_suppression_controllers_and_between_event_control_rebind_are_distinct ... 
thread 'trigger_suppression_event_timing::two_suppression_controllers_and_between_event_control_rebind_are_distinct' (3101724) panicked at crates/engine/tests/integration/trigger_suppression_event_timing.rs:3826:5:
assertion `left == right` failed
  left: 2
 right: 1
FAILED
test trigger_suppression_event_timing::two_target_destroy_owns_one_event_in_both_target_orders ... 
thread 'trigger_suppression_event_timing::two_target_destroy_owns_one_event_in_both_target_orders' (3101725) panicked at crates/engine/tests/integration/trigger_suppression_event_timing.rs:329:13:
assertion `left == right` failed
  left: 1
 right: 0
FAILED
test trigger_suppression_event_timing::unattach_fallback_and_native_cause_remain_distinct ... 
thread 'trigger_suppression_event_timing::unattach_fallback_and_native_cause_remain_distinct' (3101726) panicked at crates/engine/src/game/scenario.rs:3353:9:
assertion `left == right` failed: P0 life delta: expected 0, got 2 (before 20, final 22)
  left: 2
 right: 0
FAILED
test trigger_suppression_event_timing::unpaused_bounce_batch_and_selected_bounce_share_actual_departure_group ... 
thread 'trigger_suppression_event_timing::unpaused_bounce_batch_and_selected_bounce_share_actual_departure_group' (3101727) panicked at crates/engine/tests/integration/trigger_suppression_event_timing.rs:2981:17:
assertion `left == right` failed
  left: 1
 right: 0
FAILED
test trigger_suppression_event_timing::unpaused_change_zone_no_hush_payoff_remains_exactly_one ... 
thread 'trigger_suppression_event_timing::unpaused_change_zone_no_hush_payoff_remains_exactly_one' (3101728) panicked at crates/engine/tests/integration/trigger_suppression_event_timing.rs:2488:13:
assertion `left == right` failed: exact completed tail membership
  left: []
 right: [ObjectId(1), ObjectId(3)]
FAILED

failures:

failures:
    trigger_suppression_event_timing::attachment_relative_suppression_binds_live_relation_before_departure
    trigger_suppression_event_timing::battlefield_library_choice_preserves_selected_group_and_nondeath_payoff
    trigger_suppression_event_timing::change_zone_choice_uses_selected_objects_and_finalizes_before_continuation
    trigger_suppression_event_timing::chosen_sacrifice_closes_before_later_hush_departure_instruction
    trigger_suppression_event_timing::chosen_spell_and_activation_cost_rejection_preserves_state_for_valid_retry
    trigger_suppression_event_timing::clause_local_disjunction_registers_once_for_eligible_sibling
    trigger_suppression_event_timing::co_departed_observer_and_self_trigger_both_use_before_suppression
    trigger_suppression_event_timing::completed_keep_sacrifice_sweeps_share_one_boundary_across_choice_routes
    trigger_suppression_event_timing::controller_relative_and_conditional_suppression_bind_before_departure
    trigger_suppression_event_timing::delayed_cleanup_retains_persistent_and_expires_this_turn_listeners
    trigger_suppression_event_timing::delayed_first_suppressed_occurrence_retains_one_shot_or_recurring_listener
    trigger_suppression_event_timing::delayed_native_sacrifice_and_exile_alternatives_remain_eligible
    trigger_suppression_event_timing::delayed_reflexive_suppression_discards_unmatched_listener
    trigger_suppression_event_timing::delayed_same_occurrence_tries_eligible_alternative_exactly_once
    trigger_suppression_event_timing::devour_child_sacrifice_is_independent_of_parent_co_entry
    trigger_suppression_event_timing::distinct_controller_delayed_listeners_keep_creation_source_and_controller
    trigger_suppression_event_timing::effect_zone_choice_pay_cost_uses_selected_group_before_continuation
    trigger_suppression_event_timing::from_anywhere_and_dies_observers_choose_different_worlds
    trigger_suppression_event_timing::granted_suppression_and_granted_death_trigger_use_effective_abilities
    trigger_suppression_event_timing::haunt_payoff_uses_the_linked_subject_death_before_world
    trigger_suppression_event_timing::known_gap_aggregate_paid_continuation_should_resume_sequential_sibling
    trigger_suppression_event_timing::known_gap_aggregate_payment_should_group_completed_selection
    trigger_suppression_event_timing::known_gap_aggregate_payment_should_group_completed_selection_reversed
    trigger_suppression_event_timing::known_gap_ambiguous_registered_delayed_should_be_suppressed
    trigger_suppression_event_timing::known_gap_cast_created_regeneration_shield_should_survive_to_destroy
    trigger_suppression_event_timing::known_gap_cast_created_regeneration_shield_should_survive_to_destroy_hush
    trigger_suppression_event_timing::known_gap_cast_created_regeneration_shield_should_survive_to_destroy_hush_reversed
    trigger_suppression_event_timing::known_gap_cast_created_regeneration_shield_should_survive_to_destroy_traveler_reversed
    trigger_suppression_event_timing::known_gap_cross_pause_batch_should_share_full_group_suppression
    trigger_suppression_event_timing::known_gap_inherited_target_sacrifice_should_group_both_departures
    trigger_suppression_event_timing::known_gap_inherited_target_sacrifice_should_group_both_departures_reversed
    trigger_suppression_event_timing::known_gap_legacy_direct_delayed_should_be_suppressed
    trigger_suppression_event_timing::known_gap_legacy_when_dies_or_exiled_should_be_suppressed
    trigger_suppression_event_timing::known_gap_legacy_when_dies_should_be_suppressed
    trigger_suppression_event_timing::known_gap_legacy_when_enters_should_be_suppressed
    trigger_suppression_event_timing::known_gap_legacy_when_leaves_filtered_should_be_suppressed
    trigger_suppression_event_timing::known_gap_merged_intrinsic_flush_should_preserve_later_member_world
    trigger_suppression_event_timing::known_gap_restricted_registered_delayed_should_be_suppressed
    trigger_suppression_event_timing::known_gap_resumed_change_zone_no_hush_should_pay_once
    trigger_suppression_event_timing::known_gap_resumed_change_zone_no_hush_should_pay_once_reversed
    trigger_suppression_event_timing::merged_intrinsic_flush_limit_has_a_subject_first_positive_twin
    trigger_suppression_event_timing::multi_object_spell_sacrifice_cost_preserves_commit_and_suppression
    trigger_suppression_event_timing::natural_effect_zone_choice_finalizes_before_chained_hush_departure
    trigger_suppression_event_timing::opponent_scoped_keep_sweep_preserves_owner_and_out_of_scope_board
    trigger_suppression_event_timing::oracle_wrath_hush_first_suppresses_simultaneous_traveler_death
    trigger_suppression_event_timing::oracle_wrath_traveler_first_suppresses_simultaneous_traveler_death
    trigger_suppression_event_timing::paused_choice_state_roundtrip_and_following_action_have_no_stale_scope
    trigger_suppression_event_timing::real_mutate_cast_departure_preserves_component_routing_and_normal_group_controls
    trigger_suppression_event_timing::remaining_complete_producers_capture_each_actual_group
    trigger_suppression_event_timing::repeated_object_id_retains_distinct_incarnation_and_event_suppression
    trigger_suppression_event_timing::resumed_change_zone_tail_suppression_uses_authoritative_records
    trigger_suppression_event_timing::seeded_regeneration_guard_preserves_actual_departures_only
    trigger_suppression_event_timing::self_from_anywhere_exception_functions_in_destination_with_hush_surviving
    trigger_suppression_event_timing::separate_deferred_spell_sacrifice_cost_components_bind_separate_worlds
    trigger_suppression_event_timing::separate_deferred_spell_sacrifice_cost_components_hush_first
    trigger_suppression_event_timing::separate_deferred_spell_sacrifice_cost_components_no_hush_reversed
    trigger_suppression_event_timing::separate_deferred_spell_sacrifice_cost_components_traveler_first
    trigger_suppression_event_timing::sequential_destroy_instructions_bind_separate_before_worlds
    trigger_suppression_event_timing::two_suppression_controllers_and_between_event_control_rebind_are_distinct
    trigger_suppression_event_timing::two_target_destroy_owns_one_event_in_both_target_orders
    trigger_suppression_event_timing::unattach_fallback_and_native_cause_remain_distinct
    trigger_suppression_event_timing::unpaused_bounce_batch_and_selected_bounce_share_actual_departure_group
    trigger_suppression_event_timing::unpaused_change_zone_no_hush_payoff_remains_exactly_one

test result: FAILED. 28 passed; 63 failed; 0 ignored; 0 measured; 2978 filtered out; finished in 7.58s

error: test failed, to rerun pass `-p engine --test integration`
