   Compiling proc-macro2 v1.0.106
   Compiling quote v1.0.46
   Compiling unicode-ident v1.0.24
   Compiling serde_core v1.0.228
   Compiling syn v2.0.118
   Compiling libc v0.2.186
   Compiling serde v1.0.228
   Compiling cfg-if v1.0.4
   Compiling itoa v1.0.18
   Compiling stable_deref_trait v1.2.1
   Compiling getrandom v0.2.17
   Compiling pin-project-lite v0.2.17
   Compiling version_check v0.9.5
   Compiling synstructure v0.13.2
   Compiling equivalent v1.0.2
   Compiling parking_lot_core v0.9.12
   Compiling hashbrown v0.17.1
   Compiling memchr v2.8.3
   Compiling serde_derive v1.0.228
   Compiling zerofrom-derive v0.1.7
   Compiling zerofrom v0.1.8
   Compiling yoke-derive v0.8.2
   Compiling yoke v0.8.3
   Compiling zerovec-derive v0.11.3
   Compiling smallvec v1.15.2
   Compiling displaydoc v0.2.6
   Compiling zerovec v0.11.6
   Compiling bytes v1.12.1
   Compiling typenum v1.20.1
   Compiling find-msvc-tools v0.1.9
   Compiling zmij v1.0.21
   Compiling scopeguard v1.2.0
   Compiling futures-core v0.3.32
   Compiling shlex v2.0.1
   Compiling cc v1.2.66
   Compiling lock_api v0.4.14
   Compiling tinystr v0.8.3
   Compiling errno v0.3.14
   Compiling zerocopy v0.8.54
   Compiling writeable v0.6.3
   Compiling litemap v0.8.2
   Compiling once_cell v1.21.4
   Compiling icu_locale_core v2.2.0
   Compiling signal-hook-registry v1.4.8
   Compiling parking_lot v0.12.5
   Compiling ring v0.17.14
   Compiling zerotrie v0.2.4
   Compiling potential_utf v0.1.5
   Compiling tokio-macros v2.7.0
   Compiling generic-array v0.14.7
   Compiling mio v1.2.1
   Compiling socket2 v0.6.4
   Compiling icu_properties_data v2.2.0
   Compiling winnow v0.7.15
   Compiling utf8_iter v1.0.4
   Compiling toml_write v0.1.2
   Compiling icu_normalizer_data v2.2.0
   Compiling icu_collections v2.2.0
   Compiling tokio v1.52.3
   Compiling icu_provider v2.2.0
   Compiling http v1.4.2
   Compiling syn v3.0.5
   Compiling percent-encoding v2.3.2
   Compiling zeroize v1.9.0
   Compiling getrandom v0.3.4
   Compiling rustls-pki-types v1.15.0
   Compiling http-body v1.0.1
   Compiling ppv-lite86 v0.2.21
   Compiling toml_datetime v0.6.11
   Compiling serde_spanned v0.6.9
   Compiling tracing-core v0.1.36
   Compiling tracing-attributes v0.1.31
   Compiling indexmap v2.14.0
   Compiling rand_core v0.6.4
   Compiling serde_json v1.0.150
   Compiling slab v0.4.12
   Compiling httparse v1.10.1
   Compiling futures-task v0.3.32
   Compiling untrusted v0.9.0
   Compiling heck v0.5.0
   Compiling futures-util v0.3.32
   Compiling toml_edit v0.22.27
   Compiling tracing v0.1.44
   Compiling icu_normalizer v2.2.0
   Compiling icu_properties v2.2.0
   Compiling try-lock v0.2.5
   Compiling rustls v0.23.41
   Compiling ref-cast v1.0.27
   Compiling tower-service v0.3.3
   Compiling want v0.3.1
   Compiling rand_core v0.9.5
   Compiling idna_adapter v1.2.2
   Compiling toml v0.8.23
   Compiling rustls-webpki v0.103.13
   Compiling ref-cast-impl v1.0.27
   Compiling crypto-common v0.1.7
   Compiling block-buffer v0.10.4
   Compiling serde_derive_internals v0.30.0
   Compiling form_urlencoded v1.2.2
   Compiling futures-channel v0.3.32
   Compiling bitmaps v2.1.0
   Compiling im v15.1.0
   Compiling thiserror v1.0.69
   Compiling thiserror v2.0.18
   Compiling atomic-waker v1.1.2
   Compiling subtle v2.6.1
   Compiling utf8parse v0.2.2
   Compiling anstyle-parse v1.0.0
   Compiling hyper v1.10.1
   Compiling sized-chunks v0.6.5
   Compiling schemars_derive v1.2.2
   Compiling digest v0.10.7
   Compiling engine v0.24.0 (https://github.com/nishu-builder/phase.git?rev=54227f4527a0b45b01eb3f819d262ee49b665810#54227f45)
   Compiling rand_chacha v0.9.0
   Compiling idna v1.1.0
   Compiling strum_macros v0.27.2
   Compiling rand_xoshiro v0.6.0
   Compiling sync_wrapper v1.0.2
   Compiling thiserror-impl v1.0.69
   Compiling thiserror-impl v2.0.18
   Compiling crc32fast v1.5.0
   Compiling dyn-clone v1.0.20
   Compiling ipnet v2.12.0
   Compiling fixedbitset v0.4.2
   Compiling anstyle v1.0.14
   Compiling colorchoice v1.0.5
   Compiling anstyle-query v1.1.5
   Compiling base64 v0.22.1
   Compiling tower-layer v0.3.3
   Compiling is_terminal_polyfill v1.70.2
   Compiling ryu v1.0.23
   Compiling cpufeatures v0.2.17
   Compiling sha2 v0.10.9
   Compiling anstream v1.0.0
   Compiling hyper-util v0.1.20
   Compiling tower v0.5.3
   Compiling petgraph v0.6.5
   Compiling schemars v1.2.2
   Compiling strum v0.27.2
   Compiling url v2.5.8
   Compiling rand v0.9.4
   Compiling tokio-rustls v0.26.4
   Compiling webpki-roots v1.0.8
   Compiling nom v8.0.0
   Compiling clap_lex v1.1.0
   Compiling web-time v1.1.0
   Compiling strsim v0.11.1
   Compiling anyhow v1.0.103
   Compiling hex v0.4.3
   Compiling rustc-hash v2.1.3
   Compiling simd-adler32 v0.3.9
   Compiling bitflags v2.13.0
   Compiling adler2 v2.0.1
   Compiling miniz_oxide v0.8.9
   Compiling tower-http v0.6.11
   Compiling loop-contract v0.1.0 (/tmp/factory-build-lzcoa_69/src/crates/loop-contract)
   Compiling clap_builder v4.6.0
   Compiling hyper-rustls v0.27.9
   Compiling serde_urlencoded v0.7.1
   Compiling clap_derive v4.6.1
   Compiling rand_chacha v0.3.1
   Compiling http-body-util v0.1.3
   Compiling csv-core v0.1.13
   Compiling log v0.4.33
   Compiling reqwest v0.12.28
   Compiling csv v1.4.0
   Compiling rand v0.8.7
   Compiling clap v4.6.1
   Compiling flate2 v1.1.9
   Compiling phase-bridge v0.1.0 (/tmp/factory-build-lzcoa_69/src/crates/phase-bridge)
   Compiling coworld-mtg-harness v0.1.0 (/tmp/factory-build-lzcoa_69/src/crates/coworld-mtg-harness)
    Finished `dev` profile [unoptimized] target(s) in 2m 31s
