    Checking serde_core v1.0.228
    Checking cfg-if v1.0.4
    Checking serde v1.0.228
    Checking libc v0.2.186
    Checking itoa v1.0.18
    Checking memchr v2.8.3
    Checking typenum v1.20.1
    Checking smallvec v1.15.2
    Checking pin-project-lite v0.2.17
    Checking generic-array v0.14.7
    Checking bytes v1.12.1
    Checking once_cell v1.21.4
    Checking log v0.4.33
    Checking futures-core v0.3.32
    Checking crypto-common v0.1.7
    Checking block-buffer v0.10.4
    Checking digest v0.10.7
    Checking cpufeatures v0.2.17
    Checking zerocopy v0.8.54
    Checking tracing-core v0.1.36
    Checking http v1.4.2
    Checking futures-sink v0.3.32
    Checking scopeguard v1.2.0
    Checking lock_api v0.4.14
    Checking futures-channel v0.3.32
    Checking ppv-lite86 v0.2.21
    Checking parking_lot_core v0.9.12
    Checking errno v0.3.14
   Compiling serde_json v1.0.150
    Checking signal-hook-registry v1.4.8
    Checking parking_lot v0.12.5
    Checking getrandom v0.3.4
    Checking zmij v1.0.21
    Checking mio v1.2.1
    Checking socket2 v0.6.4
   Compiling futures-macro v0.3.32
    Checking futures-io v0.3.32
    Checking slab v0.4.12
    Checking futures-task v0.3.32
    Checking futures-util v0.3.32
    Checking tokio v1.52.3
    Checking tracing v0.1.44
    Checking rand_core v0.9.5
    Checking rand_chacha v0.9.0
    Checking httparse v1.10.1
    Checking getrandom v0.2.17
    Checking thiserror v2.0.18
    Checking ref-cast v1.0.27
    Checking rand v0.9.4
    Checking dyn-clone v1.0.20
    Checking schemars v1.2.2
    Checking thiserror v1.0.69
    Checking sha2 v0.10.9
    Checking hex v0.4.3
    Checking zerofrom v0.1.8
    Checking stable_deref_trait v1.2.1
    Checking yoke v0.8.3
    Checking loop-contract v0.1.0 (/home/ubuntu/repos/coworld-factory-20260908-guided-fit-runtime/repo/crates/loop-contract)
    Checking http-body v1.0.1
    Checking percent-encoding v2.3.2
    Checking zerovec v0.11.6
    Checking tower-service v0.3.3
    Checking rand_core v0.6.4
    Checking try-lock v0.2.5
    Checking hashbrown v0.17.1
    Checking equivalent v1.0.2
    Checking utf8parse v0.2.2
    Checking anstyle-parse v1.0.0
    Checking indexmap v2.14.0
    Checking want v0.3.1
    Checking form_urlencoded v1.2.2
    Checking sync_wrapper v1.0.2
    Checking is_terminal_polyfill v1.70.2
    Checking tower-layer v0.3.3
    Checking anstyle-query v1.1.5
    Checking colorchoice v1.0.5
    Checking atomic-waker v1.1.2
    Checking anstyle v1.0.14
    Checking httpdate v1.0.3
    Checking hyper v1.10.1
    Checking anstream v1.0.0
    Checking tinystr v0.8.3
    Checking bitmaps v2.1.0
    Checking toml_datetime v0.6.11
    Checking serde_spanned v0.6.9
    Checking ipnet v2.12.0
    Checking winnow v0.7.15
    Checking litemap v0.8.2
    Checking strsim v0.11.1
    Checking toml_write v0.1.2
    Checking ryu v1.0.23
    Checking writeable v0.6.3
    Checking base64 v0.22.1
    Checking clap_lex v1.1.0
    Checking clap_builder v4.6.0
    Checking hyper-util v0.1.20
    Checking icu_locale_core v2.2.0
    Checking toml_edit v0.22.27
    Checking sized-chunks v0.6.5
    Checking tower v0.5.3
    Checking rand_xoshiro v0.6.0
    Checking zerotrie v0.2.4
    Checking potential_utf v0.1.5
    Checking http-body-util v0.1.3
    Checking sha1 v0.10.7
    Checking utf8_iter v1.0.4
    Checking data-encoding v2.11.0
    Checking fixedbitset v0.4.2
    Checking petgraph v0.6.5
    Checking icu_collections v2.2.0
    Checking clap v4.6.1
    Checking strum v0.27.2
    Checking icu_provider v2.2.0
    Checking im v15.1.0
    Checking toml v0.8.23
    Checking serde_urlencoded v0.7.1
    Checking nom v8.0.0
    Checking bitflags v2.13.0
    Checking web-time v1.1.0
    Checking rustc-hash v2.1.3
    Checking zeroize v1.9.0
    Checking rustls-pki-types v1.15.0
    Checking engine v0.24.0 (https://github.com/nishu-builder/phase.git?rev=54227f4527a0b45b01eb3f819d262ee49b665810#54227f45)
    Checking icu_normalizer_data v2.2.0
    Checking icu_properties_data v2.2.0
    Checking untrusted v0.9.0
    Checking ring v0.17.14
    Checking icu_properties v2.2.0
    Checking icu_normalizer v2.2.0
    Checking anyhow v1.0.103
    Checking idna_adapter v1.2.2
    Checking rustls-webpki v0.103.13
    Checking phase-bridge v0.1.0 (/home/ubuntu/repos/coworld-factory-20260908-guided-fit-runtime/repo/crates/phase-bridge)
    Checking subtle v2.6.1
    Checking rustls v0.23.41
    Checking idna v1.1.0
    Checking url v2.5.8
    Checking tokio-rustls v0.26.4
    Checking webpki-roots v1.0.8
    Checking adler2 v2.0.1
    Checking simd-adler32 v0.3.9
    Checking miniz_oxide v0.8.9
    Checking hyper-rustls v0.27.9
    Checking tower-http v0.6.11
    Checking crc32fast v1.5.0
    Checking tungstenite v0.29.0
    Checking rand_chacha v0.3.1
    Checking mime v0.3.17
    Checking axum-core v0.5.6
    Checking rand v0.8.7
    Checking tokio-tungstenite v0.29.0
    Checking flate2 v1.1.9
    Checking reqwest v0.12.28
    Checking serde_path_to_error v0.1.20
    Checking matchit v0.8.4
    Checking axum v0.8.9
    Checking futures-executor v0.3.32
    Checking futures v0.3.32
    Checking utf-8 v0.7.6
    Checking linux-raw-sys v0.12.1
    Checking rustix v1.1.4
    Checking tungstenite v0.28.0
    Checking getrandom v0.4.3
    Checking fastrand v2.4.1
    Checking tempfile v3.27.0
    Checking tokio-tungstenite v0.28.0
    Checking csv-core v0.1.13
    Checking lazy_static v1.5.0
    Checking sharded-slab v0.1.7
    Checking csv v1.4.0
    Checking tracing-log v0.2.0
    Checking thread_local v1.1.10
    Checking nu-ansi-term v0.50.3
    Checking tracing-subscriber v0.3.23
    Checking goldfish v0.1.0 (/home/ubuntu/repos/coworld-factory-20260908-guided-fit-runtime/repo/crates/players/goldfish)
    Checking coworld-mtg-harness v0.1.0 (/home/ubuntu/repos/coworld-factory-20260908-guided-fit-runtime/repo/crates/coworld-mtg-harness)
    Checking coworld-mtg-server v0.1.0 (/home/ubuntu/repos/coworld-factory-20260908-guided-fit-runtime/repo/crates/coworld-mtg-server)
    Checking factory-runtime v0.1.0 (/home/ubuntu/repos/coworld-factory-20260908-guided-fit-runtime/repo/crates/factory-runtime)
    Finished `dev` profile [unoptimized] target(s) in 2m 19s
