Phase pin is consistent: https://github.com/nishu-builder/phase.git@54227f4527a0b45b01eb3f819d262ee49b665810
   Compiling engine v0.24.0 (https://github.com/nishu-builder/phase.git?rev=54227f4527a0b45b01eb3f819d262ee49b665810#54227f45)
    Checking phase-bridge v0.1.0 (/home/ubuntu/repos/coworld-mtg-publish/crates/phase-bridge)
    Checking goldfish v0.1.0 (/home/ubuntu/repos/coworld-mtg-publish/crates/players/goldfish)
    Checking coworld-mtg-harness v0.1.0 (/home/ubuntu/repos/coworld-mtg-publish/crates/coworld-mtg-harness)
    Checking coworld-mtg-server v0.1.0 (/home/ubuntu/repos/coworld-mtg-publish/crates/coworld-mtg-server)
    Finished `dev` profile [unoptimized] target(s) in 1m 25s
   Compiling engine v0.24.0 (https://github.com/nishu-builder/phase.git?rev=54227f4527a0b45b01eb3f819d262ee49b665810#54227f45)
   Compiling phase-bridge v0.1.0 (/home/ubuntu/repos/coworld-mtg-publish/crates/phase-bridge)
   Compiling goldfish v0.1.0 (/home/ubuntu/repos/coworld-mtg-publish/crates/players/goldfish)
   Compiling coworld-mtg-harness v0.1.0 (/home/ubuntu/repos/coworld-mtg-publish/crates/coworld-mtg-harness)
   Compiling coworld-mtg-server v0.1.0 (/home/ubuntu/repos/coworld-mtg-publish/crates/coworld-mtg-server)
    Finished `test` profile [unoptimized] target(s) in 3m 00s
     Running unittests src/lib.rs (target/debug/deps/coworld_mtg_harness-e43069d0568a6d0a)

running 3 tests
test runner::tests::invariant_failures_keep_stable_ownership_signatures ... ok
test io::tests::strips_credentials_from_persisted_remote_uris ... ok
test invariants::tests::only_committed_spell_stack_entries_require_a_unique_zone ... ok

test result: ok. 3 passed; 0 failed; 0 ignored; 0 measured; 0 filtered out; finished in 0.00s

     Running unittests src/main.rs (target/debug/deps/coworld_mtg_harness-a30c1c030764be80)

running 0 tests

test result: ok. 0 passed; 0 failed; 0 ignored; 0 measured; 0 filtered out; finished in 0.00s

     Running tests/case_protocol.rs (target/debug/deps/case_protocol-bca4fa6da835fa5b)

running 4 tests
test missing_card_is_inconclusive_and_corpus_tampering_is_rejected ... ok
test worker_timeout_is_inconclusive_instead_of_a_rule_violation ... ok
test execution_and_expectations_are_separate_and_evidence_is_append_only ... ok
test setup_reduction_preserves_predicate_and_reachability ... ok

test result: ok. 4 passed; 0 failed; 0 ignored; 0 measured; 0 filtered out; finished in 3.43s

     Running tests/harness.rs (target/debug/deps/harness-fee5708e7bb95b05)

running 0 tests

test result: ok. 0 passed; 0 failed; 0 ignored; 0 measured; 0 filtered out; finished in 0.00s

     Running unittests src/lib.rs (target/debug/deps/coworld_mtg_server-bb94592afb478848)

running 14 tests
test assets::tests::asset_paths_cannot_escape_the_distribution_directory ... ok
test tests::accepted_timeout_action_does_not_concede ... ok
test phase_delta::tests::round_trips_nested_state ... ok
test tests::only_nonadvancing_preferences_are_clock_neutral ... ok
test tests::phase_client_payload_requires_explicit_capability ... ok
test tests::cycle_guard_distinguishes_actor_action_and_state ... ok
test tests::simultaneous_decisions_keep_independent_clocks ... ok
test config::tests::omitted_seed_is_fresh_while_an_explicit_seed_is_preserved ... ok
test tests::simultaneous_timeout_uses_the_earliest_effective_deadline ... ok
test tests::rejected_timeout_action_concedes_instead_of_aborting_the_episode ... ok
test tests::repeated_identical_state_and_action_reaches_cycle_limit ... ok
test tests::timeout_cancels_an_incomplete_cast_before_choosing_a_target ... ok
test wire::tests::core_frames_match_the_shared_browser_fixture ... ok
test uri::tests::decodes_coworld_zlib_replays ... ok

test result: ok. 14 passed; 0 failed; 0 ignored; 0 measured; 0 filtered out; finished in 0.00s

     Running unittests src/main.rs (target/debug/deps/coworld_mtg_server-2e42265b4621c908)

running 0 tests

test result: ok. 0 passed; 0 failed; 0 ignored; 0 measured; 0 filtered out; finished in 0.00s

     Running tests/episode.rs (target/debug/deps/episode-a87104d712ed225f)

running 0 tests

test result: ok. 0 passed; 0 failed; 0 ignored; 0 measured; 0 filtered out; finished in 0.00s

     Running unittests src/lib.rs (target/debug/deps/goldfish-e044a3370fd37713)

running 3 tests
test tests::does_not_immediately_retry_a_cancelled_cast ... ok
test tests::ranks_real_plays_before_priority_pass ... ok
test tests::chooses_largest_attack_declaration ... ok

test result: ok. 3 passed; 0 failed; 0 ignored; 0 measured; 0 filtered out; finished in 0.00s

     Running unittests src/main.rs (target/debug/deps/goldfish-5b7d8a13a0cf96bf)

running 0 tests

test result: ok. 0 passed; 0 failed; 0 ignored; 0 measured; 0 filtered out; finished in 0.00s

     Running unittests src/lib.rs (target/debug/deps/loop_contract-7d5d19e1bfa7f61a)

running 0 tests

test result: ok. 0 passed; 0 failed; 0 ignored; 0 measured; 0 filtered out; finished in 0.00s

     Running tests/protocol.rs (target/debug/deps/protocol-8fd6bf98e04f3551)

running 7 tests
test missing_measurement_or_failed_guard_cannot_become_a_semantic_violation ... ok
test hashing_preserves_order_and_freezes_expectations ... ok
test typed_input_rejects_unknown_fields_and_invalid_hashes ... ok
test origin_preserves_authored_ids_but_binds_derived_lineage ... ok
test acceptance_requires_frozen_expectations_independent_review_and_real_gates ... ok
test case_note_reports_checked_measurements_and_rejects_unbound_edits ... ok
test worker_request_schema_excludes_expected_results ... ok

test result: ok. 7 passed; 0 failed; 0 ignored; 0 measured; 0 filtered out; finished in 0.01s

     Running unittests src/lib.rs (target/debug/deps/phase_bridge-c7ad40d0d3a5bc56)

running 3 tests
test tests::pins_a_reviewable_upstream_revision ... ok
test tests::accepts_actions_phase_groups_only_under_their_source_object ... ok
test tests::preference_actions_delegate_to_phase_without_appearing_in_the_prompt ... ok

test result: ok. 3 passed; 0 failed; 0 ignored; 0 measured; 0 filtered out; finished in 0.00s

   Doc-tests coworld_mtg_harness

running 0 tests

test result: ok. 0 passed; 0 failed; 0 ignored; 0 measured; 0 filtered out; finished in 0.00s

   Doc-tests coworld_mtg_server

running 0 tests

test result: ok. 0 passed; 0 failed; 0 ignored; 0 measured; 0 filtered out; finished in 0.00s

   Doc-tests goldfish

running 0 tests

test result: ok. 0 passed; 0 failed; 0 ignored; 0 measured; 0 filtered out; finished in 0.00s

   Doc-tests loop_contract

running 0 tests

test result: ok. 0 passed; 0 failed; 0 ignored; 0 measured; 0 filtered out; finished in 0.00s

   Doc-tests phase_bridge

running 0 tests

test result: ok. 0 passed; 0 failed; 0 ignored; 0 measured; 0 filtered out; finished in 0.00s

   Compiling phase-bridge v0.1.0 (/home/ubuntu/repos/coworld-mtg-publish/crates/phase-bridge)
   Compiling goldfish v0.1.0 (/home/ubuntu/repos/coworld-mtg-publish/crates/players/goldfish)
   Compiling coworld-mtg-harness v0.1.0 (/home/ubuntu/repos/coworld-mtg-publish/crates/coworld-mtg-harness)
   Compiling coworld-mtg-server v0.1.0 (/home/ubuntu/repos/coworld-mtg-publish/crates/coworld-mtg-server)
    Finished `test` profile [unoptimized] target(s) in 1m 24s
     Running unittests src/lib.rs (target/debug/deps/coworld_mtg_harness-3c0d307ca4fb8079)

running 3 tests
test runner::tests::invariant_failures_keep_stable_ownership_signatures ... ok
test io::tests::strips_credentials_from_persisted_remote_uris ... ok
test invariants::tests::only_committed_spell_stack_entries_require_a_unique_zone ... ok

test result: ok. 3 passed; 0 failed; 0 ignored; 0 measured; 0 filtered out; finished in 0.00s

     Running unittests src/main.rs (target/debug/deps/coworld_mtg_harness-10527e3dfae8e1e1)

running 0 tests

test result: ok. 0 passed; 0 failed; 0 ignored; 0 measured; 0 filtered out; finished in 0.00s

     Running tests/case_protocol.rs (target/debug/deps/case_protocol-07fb46dd034d8948)

running 4 tests
test missing_card_is_inconclusive_and_corpus_tampering_is_rejected ... ok
test worker_timeout_is_inconclusive_instead_of_a_rule_violation ... ok
test execution_and_expectations_are_separate_and_evidence_is_append_only ... ok
test setup_reduction_preserves_predicate_and_reachability ... ok

test result: ok. 4 passed; 0 failed; 0 ignored; 0 measured; 0 filtered out; finished in 3.34s

     Running tests/harness.rs (target/debug/deps/harness-b8dedadd33949cf3)

running 3 tests
test lands17_mining_stays_in_the_soft_signal_lane ... ok
test corpus_manifest_is_content_addressed_and_cross_checks_scryfall ... ok
test shard_replays_checkpoints_resumes_and_aggregates ... ok

test result: ok. 3 passed; 0 failed; 0 ignored; 0 measured; 0 filtered out; finished in 15.65s

     Running unittests src/lib.rs (target/debug/deps/coworld_mtg_server-4a4fc324d42741f0)

running 14 tests
test assets::tests::asset_paths_cannot_escape_the_distribution_directory ... ok
test tests::accepted_timeout_action_does_not_concede ... ok
test phase_delta::tests::round_trips_nested_state ... ok
test tests::only_nonadvancing_preferences_are_clock_neutral ... ok
test tests::phase_client_payload_requires_explicit_capability ... ok
test config::tests::omitted_seed_is_fresh_while_an_explicit_seed_is_preserved ... ok
test tests::rejected_timeout_action_concedes_instead_of_aborting_the_episode ... ok
test tests::cycle_guard_distinguishes_actor_action_and_state ... ok
test tests::simultaneous_decisions_keep_independent_clocks ... ok
test tests::simultaneous_timeout_uses_the_earliest_effective_deadline ... ok
test tests::repeated_identical_state_and_action_reaches_cycle_limit ... ok
test tests::timeout_cancels_an_incomplete_cast_before_choosing_a_target ... ok
test wire::tests::core_frames_match_the_shared_browser_fixture ... ok
test uri::tests::decodes_coworld_zlib_replays ... ok

test result: ok. 14 passed; 0 failed; 0 ignored; 0 measured; 0 filtered out; finished in 0.00s

     Running unittests src/main.rs (target/debug/deps/coworld_mtg_server-4c222b28e8079b10)

running 0 tests

test result: ok. 0 passed; 0 failed; 0 ignored; 0 measured; 0 filtered out; finished in 0.00s

     Running tests/episode.rs (target/debug/deps/episode-901a358a37d4db42)

running 5 tests
test reversed_single_game_matchup_exchanges_decks_between_players ... ok
test goldfish_match_writes_results_and_replay has been running for over 60 seconds
test mute_player_times_out_but_match_finishes has been running for over 60 seconds
test replay_mode_serves_a_finite_recording has been running for over 60 seconds
test shared_resource_cast_regression_seed_finishes has been running for over 60 seconds
test goldfish_match_writes_results_and_replay ... ok
test replay_mode_serves_a_finite_recording ... ok
test mute_player_times_out_but_match_finishes ... ok
test shared_resource_cast_regression_seed_finishes ... ok

test result: ok. 5 passed; 0 failed; 0 ignored; 0 measured; 0 filtered out; finished in 164.10s

     Running unittests src/lib.rs (target/debug/deps/goldfish-fd29a57e199672aa)

running 3 tests
test tests::does_not_immediately_retry_a_cancelled_cast ... ok
test tests::ranks_real_plays_before_priority_pass ... ok
test tests::chooses_largest_attack_declaration ... ok

test result: ok. 3 passed; 0 failed; 0 ignored; 0 measured; 0 filtered out; finished in 0.00s

     Running unittests src/main.rs (target/debug/deps/goldfish-a3a568181624d762)

running 0 tests

test result: ok. 0 passed; 0 failed; 0 ignored; 0 measured; 0 filtered out; finished in 0.00s

     Running unittests src/lib.rs (target/debug/deps/loop_contract-7d5d19e1bfa7f61a)

running 0 tests

test result: ok. 0 passed; 0 failed; 0 ignored; 0 measured; 0 filtered out; finished in 0.00s

     Running tests/protocol.rs (target/debug/deps/protocol-8fd6bf98e04f3551)

running 7 tests
test missing_measurement_or_failed_guard_cannot_become_a_semantic_violation ... ok
test hashing_preserves_order_and_freezes_expectations ... ok
test origin_preserves_authored_ids_but_binds_derived_lineage ... ok
test typed_input_rejects_unknown_fields_and_invalid_hashes ... ok
test acceptance_requires_frozen_expectations_independent_review_and_real_gates ... ok
test case_note_reports_checked_measurements_and_rejects_unbound_edits ... ok
test worker_request_schema_excludes_expected_results ... ok

test result: ok. 7 passed; 0 failed; 0 ignored; 0 measured; 0 filtered out; finished in 0.01s

     Running unittests src/lib.rs (target/debug/deps/phase_bridge-0e85caf7f0ccb424)

running 10 tests
test tests::pins_a_reviewable_upstream_revision ... ok
test tests::preference_actions_delegate_to_phase_without_appearing_in_the_prompt ... ok
test tests::accepts_actions_phase_groups_only_under_their_source_object ... ok
test tests::viewer_snapshot_defaults_preserve_old_replays ... ok
test tests::set_auto_pass_still_requires_a_priority_prompt ... ok
test tests::root_seed_reproduces_and_varies_initial_card_order ... ok
test tests::phase_stops_are_actor_scoped_and_legal_outside_the_current_prompt ... ok
test tests::private_decks_enter_phase_mulligan_with_exact_legal_actions ... ok
test tests::viewer_projection_redacts_hidden_cards_and_rejects_invented_actions ... ok
test tests::checkpoint_restore_preserves_authoritative_state ... ok

test result: ok. 10 passed; 0 failed; 0 ignored; 0 measured; 0 filtered out; finished in 0.16s

   Doc-tests coworld_mtg_harness

running 0 tests

test result: ok. 0 passed; 0 failed; 0 ignored; 0 measured; 0 filtered out; finished in 0.00s

   Doc-tests coworld_mtg_server

running 0 tests

test result: ok. 0 passed; 0 failed; 0 ignored; 0 measured; 0 filtered out; finished in 0.00s

   Doc-tests goldfish

running 0 tests

test result: ok. 0 passed; 0 failed; 0 ignored; 0 measured; 0 filtered out; finished in 0.00s

   Doc-tests loop_contract

running 0 tests

test result: ok. 0 passed; 0 failed; 0 ignored; 0 measured; 0 filtered out; finished in 0.00s

   Doc-tests phase_bridge

running 0 tests

test result: ok. 0 passed; 0 failed; 0 ignored; 0 measured; 0 filtered out; finished in 0.00s

......
----------------------------------------------------------------------
Ran 6 tests in 0.654s

OK
would remove /home/ubuntu/repos/coworld-mtg-publish/test-results (8.0K)
dry run only; pass --execute to remove the listed generated paths

> typecheck
> tsc --noEmit -p web/tsconfig.json


> test
> npm run test:legacy && npm run test:phase


> test:legacy
> vitest run --config web/vite.config.ts


 RUN  v3.2.7 /home/ubuntu/repos/coworld-mtg-publish/web

 ✓ src/protocol-contract.test.ts (1 test) 3ms
 ✓ src/app.test.ts (11 tests) 6ms

 Test Files  2 passed (2)
      Tests  12 passed (12)
   Start at  05:03:31
   Duration  359ms (transform 114ms, setup 0ms, collect 132ms, tests 9ms, environment 0ms, prepare 147ms)


> test:phase
> PHASE_CLIENT_TEST_ONLY=1 bash scripts/build-phase-client.sh

hint: Using 'master' as the name for the initial branch. This default branch name
hint: is subject to change. To configure the initial branch name to use in all
hint: of your new repositories, which will suppress this warning, call:
hint: 
hint: 	git config --global init.defaultBranch <name>
hint: 
hint: Names commonly chosen instead of 'master' are 'main', 'trunk' and
hint: 'development'. The just-created branch can be renamed via this command:
hint: 
hint: 	git branch -m <name>
Initialized empty Git repository in /home/ubuntu/repos/coworld-mtg-publish/tmp/phase-client-54227f4527a0b45b01eb3f819d262ee49b665810/.git/
From https://github.com/nishu-builder/phase
 * branch            54227f4527a0b45b01eb3f819d262ee49b665810 -> FETCH_HEAD
HEAD is now at 54227f4 Merge the verified Hushbringer event-timing repair into current main
Lockfile is up to date, resolution step is skipped
Progress: resolved 1, reused 0, downloaded 0, added 0
Packages: +800
++++++++++++++++++++++++++++++++++++++++++++++++++++++++++++++++++++++++++++++++

   ╭──────────────────────────────────────────────╮
   │                                              │
   │     Update available! 10.28.2 → 12.3.4.      │
   │     Changelog: https://pnpm.io/v/12.3.4      │
   │   To update, run: corepack use pnpm@12.3.4   │
   │                                              │
   ╰──────────────────────────────────────────────╯

Progress: resolved 800, reused 800, downloaded 0, added 800, done

dependencies:
+ @fontsource-variable/jetbrains-mono 5.2.8
+ @fontsource-variable/newsreader 5.2.10
+ @supabase/supabase-js 2.106.2
+ @tailwindcss/vite 4.3.0
+ @tauri-apps/api 2.11.0
+ @tauri-apps/plugin-process 2.3.1
+ @tauri-apps/plugin-shell 2.3.5
+ @tauri-apps/plugin-updater 2.10.1
+ fflate 0.8.2
+ framer-motion 12.38.0
+ i18next 26.2.0
+ idb-keyval 6.2.2
+ mana-font 1.18.0
+ peerjs 1.5.5
+ react 19.2.6
+ react-dom 19.2.6
+ react-i18next 17.0.8
+ react-router 7.15.1
+ tailwindcss 4.3.0
+ three 0.184.0
+ vite-plugin-top-level-await 1.6.0
+ vite-plugin-wasm 3.6.0
+ zustand 5.0.13

devDependencies:
+ @eslint/js 9.39.4
+ @tauri-apps/cli 2.11.1
+ @testing-library/jest-dom 6.9.1
+ @testing-library/react 16.3.2
+ @testing-library/user-event 14.6.1
+ @types/node 25.6.2
+ @types/react 19.2.14
+ @types/react-dom 19.2.3
+ @types/three 0.184.1
+ @vitejs/plugin-react 4.7.0
+ @vitest/coverage-v8 4.1.0
+ eslint 9.39.4
+ eslint-plugin-react-hooks 5.2.0
+ eslint-plugin-react-refresh 0.4.26
+ fishery 2.4.0
+ globals 16.5.0
+ happy-dom 20.9.0
+ i18next-parser 9.4.0
+ jsdom 26.1.0
+ typescript 5.7.3
+ typescript-eslint 8.59.2
+ vite 6.4.3
+ vite-plugin-compression2 2.5.3
+ vite-plugin-pwa 1.3.0
+ vitest 4.1.0
+ workbox-window 7.4.1
+ wrangler 4.90.0

╭ Warning ─────────────────────────────────────────────────────────────────────╮
│                                                                              │
│   Ignored build scripts: @swc/core@1.15.33, esbuild@0.25.12,                 │
│   esbuild@0.27.3, sharp@0.34.5, workerd@1.20260507.1.                        │
│   Run "pnpm approve-builds" to pick which dependencies should be allowed     │
│   to run scripts.                                                            │
│                                                                              │
╰──────────────────────────────────────────────────────────────────────────────╯
Done in 1.5s using pnpm v10.28.2

[1m[46m RUN [49m[22m [36mv4.1.0 [39m[90m/home/ubuntu/repos/coworld-mtg-publish/tmp/phase-client-54227f4527a0b45b01eb3f819d262ee49b665810/client[39m

 [32m✓[39m src/coworld/coworld-ws-adapter.test.ts [2m([22m[2m2 tests[22m[2m)[22m[32m 27[2mms[22m[39m
 [32m✓[39m src/coworld/coworld-chrome.test.tsx [2m([22m[2m2 tests[22m[2m)[22m[32m 97[2mms[22m[39m

[2m Test Files [22m [1m[32m2 passed[39m[22m[90m (2)[39m
[2m      Tests [22m [1m[32m4 passed[39m[22m[90m (4)[39m
[2m   Start at [22m 05:03:39
[2m   Duration [22m 1.24s[2m (transform 214ms, setup 526ms, import 375ms, tests 124ms, environment 921ms)[22m


> build
> npm run build:legacy && npm run build:phase


> build:legacy
> vite build --config web/vite.config.ts

vite v7.3.6 building client environment for production...
transforming...
✓ 9 modules transformed.
rendering chunks...
computing gzip size...
dist/player.html                 0.50 kB │ gzip:  0.30 kB
dist/global.html                 0.50 kB │ gzip:  0.30 kB
dist/replay.html                 0.50 kB │ gzip:  0.30 kB
dist/assets/app-CVzu3Mzc.css    25.00 kB │ gzip:  7.07 kB
dist/assets/replay-BujRJzaP.js   0.04 kB │ gzip:  0.06 kB
dist/assets/global-wuGGYrZE.js   0.05 kB │ gzip:  0.07 kB
dist/assets/player-D9qeHsWK.js   0.05 kB │ gzip:  0.07 kB
dist/assets/app-kkz2Eamc.js     37.49 kB │ gzip: 11.84 kB
✓ built in 280ms

> build:phase
> PHASE_CLIENT_SKIP_TESTS=1 bash scripts/build-phase-client.sh

Lockfile is up to date, resolution step is skipped
Already up to date

╭ Warning ─────────────────────────────────────────────────────────────────────╮
│                                                                              │
│   Ignored build scripts: @swc/core@1.15.33, esbuild@0.25.12,                 │
│   esbuild@0.27.3, sharp@0.34.5, workerd@1.20260507.1.                        │
│   Run "pnpm approve-builds" to pick which dependencies should be allowed     │
│   to run scripts.                                                            │
│                                                                              │
╰──────────────────────────────────────────────────────────────────────────────╯
Done in 814ms using pnpm v10.28.2
vite v6.4.3 building for production...
transforming...
✓ 1003 modules transformed.
rendering chunks...
[plugin vite:reporter] 
(!) /home/ubuntu/repos/coworld-mtg-publish/tmp/phase-client-54227f4527a0b45b01eb3f819d262ee49b665810/client/src/network/connection.ts is dynamically imported by /home/ubuntu/repos/coworld-mtg-publish/tmp/phase-client-54227f4527a0b45b01eb3f819d262ee49b665810/client/src/stores/multiplayerDraftStore.ts, /home/ubuntu/repos/coworld-mtg-publish/tmp/phase-client-54227f4527a0b45b01eb3f819d262ee49b665810/client/src/stores/multiplayerDraftStore.ts, /home/ubuntu/repos/coworld-mtg-publish/tmp/phase-client-54227f4527a0b45b01eb3f819d262ee49b665810/client/src/stores/multiplayerStore.ts but also statically imported by /home/ubuntu/repos/coworld-mtg-publish/tmp/phase-client-54227f4527a0b45b01eb3f819d262ee49b665810/client/src/adapter/draftPodGuestAdapter.ts, /home/ubuntu/repos/coworld-mtg-publish/tmp/phase-client-54227f4527a0b45b01eb3f819d262ee49b665810/client/src/adapter/draftPodHostAdapter.ts, /home/ubuntu/repos/coworld-mtg-publish/tmp/phase-client-54227f4527a0b45b01eb3f819d262ee49b665810/client/src/providers/GameProvider.tsx, dynamic import will not move module into another chunk.

[plugin vite:reporter] 
(!) /home/ubuntu/repos/coworld-mtg-publish/tmp/phase-client-54227f4527a0b45b01eb3f819d262ee49b665810/client/src/adapter/wasm-adapter.ts is dynamically imported by /home/ubuntu/repos/coworld-mtg-publish/tmp/phase-client-54227f4527a0b45b01eb3f819d262ee49b665810/client/src/stores/multiplayerDraftStore.ts but also statically imported by /home/ubuntu/repos/coworld-mtg-publish/tmp/phase-client-54227f4527a0b45b01eb3f819d262ee49b665810/client/src/adapter/p2p-adapter.ts, /home/ubuntu/repos/coworld-mtg-publish/tmp/phase-client-54227f4527a0b45b01eb3f819d262ee49b665810/client/src/providers/GameProvider.tsx, /home/ubuntu/repos/coworld-mtg-publish/tmp/phase-client-54227f4527a0b45b01eb3f819d262ee49b665810/client/src/services/aiDeckCatalog.ts, /home/ubuntu/repos/coworld-mtg-publish/tmp/phase-client-54227f4527a0b45b01eb3f819d262ee49b665810/client/src/services/deckCompatibility.ts, /home/ubuntu/repos/coworld-mtg-publish/tmp/phase-client-54227f4527a0b45b01eb3f819d262ee49b665810/client/src/services/replayExport.ts, dynamic import will not move module into another chunk.

[plugin vite:reporter] 
(!) /home/ubuntu/repos/coworld-mtg-publish/tmp/phase-client-54227f4527a0b45b01eb3f819d262ee49b665810/client/src/adapter/p2p-adapter.ts is dynamically imported by /home/ubuntu/repos/coworld-mtg-publish/tmp/phase-client-54227f4527a0b45b01eb3f819d262ee49b665810/client/src/stores/multiplayerDraftStore.ts, /home/ubuntu/repos/coworld-mtg-publish/tmp/phase-client-54227f4527a0b45b01eb3f819d262ee49b665810/client/src/stores/multiplayerDraftStore.ts, /home/ubuntu/repos/coworld-mtg-publish/tmp/phase-client-54227f4527a0b45b01eb3f819d262ee49b665810/client/src/stores/multiplayerStore.ts but also statically imported by /home/ubuntu/repos/coworld-mtg-publish/tmp/phase-client-54227f4527a0b45b01eb3f819d262ee49b665810/client/src/providers/GameProvider.tsx, dynamic import will not move module into another chunk.

[plugin vite:reporter] 
(!) /home/ubuntu/repos/coworld-mtg-publish/tmp/phase-client-54227f4527a0b45b01eb3f819d262ee49b665810/client/src/services/cardData.ts is dynamically imported by /home/ubuntu/repos/coworld-mtg-publish/tmp/phase-client-54227f4527a0b45b01eb3f819d262ee49b665810/client/src/adapter/wasm-adapter.ts but also statically imported by /home/ubuntu/repos/coworld-mtg-publish/tmp/phase-client-54227f4527a0b45b01eb3f819d262ee49b665810/client/src/providers/GameProvider.tsx, dynamic import will not move module into another chunk.

computing gzip size...
coworld-dist/replay.html                                                      0.43 kB │ gzip:   0.29 kB
coworld-dist/player.html                                                      0.50 kB │ gzip:   0.32 kB
coworld-dist/global.html                                                      0.51 kB │ gzip:   0.32 kB
coworld-dist/assets/engine-worker-COvBv3t7.js                                 4.23 kB
coworld-dist/assets/jetbrains-mono-vietnamese-wght-normal-Bt-aOZkq.woff2      7.50 kB
coworld-dist/assets/jetbrains-mono-greek-wght-normal-Bw9x6K1M.woff2           9.00 kB
coworld-dist/assets/newsreader-vietnamese-wght-normal-Czsa-EzN.woff2         11.93 kB
coworld-dist/assets/jetbrains-mono-cyrillic-wght-normal-D73BlboJ.woff2       12.11 kB
coworld-dist/assets/jetbrains-mono-latin-ext-wght-normal-DBQx-q_a.woff2      15.20 kB
coworld-dist/assets/newsreader-latin-ext-wght-normal-C-3rgBeH.woff2          36.24 kB
coworld-dist/assets/jetbrains-mono-latin-wght-normal-B9CIFXIH.woff2          40.40 kB
coworld-dist/assets/newsreader-latin-wght-normal-CCVVNp6i.woff2              58.08 kB
coworld-dist/assets/mana-D0absDf6.woff2                                     187.40 kB
coworld-dist/assets/main-dD8TbXm7.css                                       414.06 kB │ gzip:  58.28 kB
coworld-dist/assets/wasm-draft-stub-D3W6bVQy.js                               0.11 kB │ gzip:   0.12 kB
coworld-dist/assets/wasm-engine-stub-CldLUICq.js                              1.06 kB │ gzip:   0.57 kB
coworld-dist/assets/Coin3D-B0AyaWPY.js                                        2.17 kB │ gzip:   1.21 kB
coworld-dist/assets/Dice3D-DE-sIG-w.js                                        5.24 kB │ gzip:   2.38 kB
coworld-dist/assets/three.module-D60_rKds.js                                511.31 kB │ gzip: 128.67 kB
coworld-dist/assets/main-BpIuSaWn.js                                      2,961.38 kB │ gzip: 880.47 kB

(!) Some chunks are larger than 500 kB after minification. Consider:
- Using dynamic import() to code-split the application
- Use build.rollupOptions.output.manualChunks to improve chunking: https://rollupjs.org/configuration-options/#output-manualchunks
- Adjust chunk size limit for this warning via build.chunkSizeWarningLimit.
✓ built in 5.69s

> test:e2e
> npm run build && playwright test -c web/playwright.config.ts


> build
> npm run build:legacy && npm run build:phase


> build:legacy
> vite build --config web/vite.config.ts

vite v7.3.6 building client environment for production...
transforming...
✓ 9 modules transformed.
rendering chunks...
computing gzip size...
dist/player.html                 0.50 kB │ gzip:  0.30 kB
dist/global.html                 0.50 kB │ gzip:  0.30 kB
dist/replay.html                 0.50 kB │ gzip:  0.30 kB
dist/assets/app-CVzu3Mzc.css    25.00 kB │ gzip:  7.07 kB
dist/assets/replay-BujRJzaP.js   0.04 kB │ gzip:  0.06 kB
dist/assets/global-wuGGYrZE.js   0.05 kB │ gzip:  0.07 kB
dist/assets/player-D9qeHsWK.js   0.05 kB │ gzip:  0.07 kB
dist/assets/app-kkz2Eamc.js     37.49 kB │ gzip: 11.84 kB
✓ built in 251ms

> build:phase
> PHASE_CLIENT_SKIP_TESTS=1 bash scripts/build-phase-client.sh

Lockfile is up to date, resolution step is skipped
Already up to date

╭ Warning ─────────────────────────────────────────────────────────────────────╮
│                                                                              │
│   Ignored build scripts: @swc/core@1.15.33, esbuild@0.25.12,                 │
│   esbuild@0.27.3, sharp@0.34.5, workerd@1.20260507.1.                        │
│   Run "pnpm approve-builds" to pick which dependencies should be allowed     │
│   to run scripts.                                                            │
│                                                                              │
╰──────────────────────────────────────────────────────────────────────────────╯
Done in 701ms using pnpm v10.28.2
vite v6.4.3 building for production...
transforming...
✓ 1003 modules transformed.
rendering chunks...
[plugin vite:reporter] 
(!) /home/ubuntu/repos/coworld-mtg-publish/tmp/phase-client-54227f4527a0b45b01eb3f819d262ee49b665810/client/src/network/connection.ts is dynamically imported by /home/ubuntu/repos/coworld-mtg-publish/tmp/phase-client-54227f4527a0b45b01eb3f819d262ee49b665810/client/src/stores/multiplayerDraftStore.ts, /home/ubuntu/repos/coworld-mtg-publish/tmp/phase-client-54227f4527a0b45b01eb3f819d262ee49b665810/client/src/stores/multiplayerDraftStore.ts, /home/ubuntu/repos/coworld-mtg-publish/tmp/phase-client-54227f4527a0b45b01eb3f819d262ee49b665810/client/src/stores/multiplayerStore.ts but also statically imported by /home/ubuntu/repos/coworld-mtg-publish/tmp/phase-client-54227f4527a0b45b01eb3f819d262ee49b665810/client/src/adapter/draftPodGuestAdapter.ts, /home/ubuntu/repos/coworld-mtg-publish/tmp/phase-client-54227f4527a0b45b01eb3f819d262ee49b665810/client/src/adapter/draftPodHostAdapter.ts, /home/ubuntu/repos/coworld-mtg-publish/tmp/phase-client-54227f4527a0b45b01eb3f819d262ee49b665810/client/src/providers/GameProvider.tsx, dynamic import will not move module into another chunk.

[plugin vite:reporter] 
(!) /home/ubuntu/repos/coworld-mtg-publish/tmp/phase-client-54227f4527a0b45b01eb3f819d262ee49b665810/client/src/adapter/wasm-adapter.ts is dynamically imported by /home/ubuntu/repos/coworld-mtg-publish/tmp/phase-client-54227f4527a0b45b01eb3f819d262ee49b665810/client/src/stores/multiplayerDraftStore.ts but also statically imported by /home/ubuntu/repos/coworld-mtg-publish/tmp/phase-client-54227f4527a0b45b01eb3f819d262ee49b665810/client/src/adapter/p2p-adapter.ts, /home/ubuntu/repos/coworld-mtg-publish/tmp/phase-client-54227f4527a0b45b01eb3f819d262ee49b665810/client/src/providers/GameProvider.tsx, /home/ubuntu/repos/coworld-mtg-publish/tmp/phase-client-54227f4527a0b45b01eb3f819d262ee49b665810/client/src/services/aiDeckCatalog.ts, /home/ubuntu/repos/coworld-mtg-publish/tmp/phase-client-54227f4527a0b45b01eb3f819d262ee49b665810/client/src/services/deckCompatibility.ts, /home/ubuntu/repos/coworld-mtg-publish/tmp/phase-client-54227f4527a0b45b01eb3f819d262ee49b665810/client/src/services/replayExport.ts, dynamic import will not move module into another chunk.

[plugin vite:reporter] 
(!) /home/ubuntu/repos/coworld-mtg-publish/tmp/phase-client-54227f4527a0b45b01eb3f819d262ee49b665810/client/src/adapter/p2p-adapter.ts is dynamically imported by /home/ubuntu/repos/coworld-mtg-publish/tmp/phase-client-54227f4527a0b45b01eb3f819d262ee49b665810/client/src/stores/multiplayerDraftStore.ts, /home/ubuntu/repos/coworld-mtg-publish/tmp/phase-client-54227f4527a0b45b01eb3f819d262ee49b665810/client/src/stores/multiplayerDraftStore.ts, /home/ubuntu/repos/coworld-mtg-publish/tmp/phase-client-54227f4527a0b45b01eb3f819d262ee49b665810/client/src/stores/multiplayerStore.ts but also statically imported by /home/ubuntu/repos/coworld-mtg-publish/tmp/phase-client-54227f4527a0b45b01eb3f819d262ee49b665810/client/src/providers/GameProvider.tsx, dynamic import will not move module into another chunk.

[plugin vite:reporter] 
(!) /home/ubuntu/repos/coworld-mtg-publish/tmp/phase-client-54227f4527a0b45b01eb3f819d262ee49b665810/client/src/services/cardData.ts is dynamically imported by /home/ubuntu/repos/coworld-mtg-publish/tmp/phase-client-54227f4527a0b45b01eb3f819d262ee49b665810/client/src/adapter/wasm-adapter.ts but also statically imported by /home/ubuntu/repos/coworld-mtg-publish/tmp/phase-client-54227f4527a0b45b01eb3f819d262ee49b665810/client/src/providers/GameProvider.tsx, dynamic import will not move module into another chunk.

computing gzip size...
coworld-dist/replay.html                                                      0.43 kB │ gzip:   0.29 kB
coworld-dist/player.html                                                      0.50 kB │ gzip:   0.32 kB
coworld-dist/global.html                                                      0.51 kB │ gzip:   0.32 kB
coworld-dist/assets/engine-worker-COvBv3t7.js                                 4.23 kB
coworld-dist/assets/jetbrains-mono-vietnamese-wght-normal-Bt-aOZkq.woff2      7.50 kB
coworld-dist/assets/jetbrains-mono-greek-wght-normal-Bw9x6K1M.woff2           9.00 kB
coworld-dist/assets/newsreader-vietnamese-wght-normal-Czsa-EzN.woff2         11.93 kB
coworld-dist/assets/jetbrains-mono-cyrillic-wght-normal-D73BlboJ.woff2       12.11 kB
coworld-dist/assets/jetbrains-mono-latin-ext-wght-normal-DBQx-q_a.woff2      15.20 kB
coworld-dist/assets/newsreader-latin-ext-wght-normal-C-3rgBeH.woff2          36.24 kB
coworld-dist/assets/jetbrains-mono-latin-wght-normal-B9CIFXIH.woff2          40.40 kB
coworld-dist/assets/newsreader-latin-wght-normal-CCVVNp6i.woff2              58.08 kB
coworld-dist/assets/mana-D0absDf6.woff2                                     187.40 kB
coworld-dist/assets/main-BjzCJPtR.css                                       414.39 kB │ gzip:  58.32 kB
coworld-dist/assets/wasm-draft-stub-D3W6bVQy.js                               0.11 kB │ gzip:   0.12 kB
coworld-dist/assets/wasm-engine-stub-CldLUICq.js                              1.06 kB │ gzip:   0.57 kB
coworld-dist/assets/Coin3D-BHS6TS-V.js                                        2.17 kB │ gzip:   1.21 kB
coworld-dist/assets/Dice3D-DMXAfsNF.js                                        5.24 kB │ gzip:   2.38 kB
coworld-dist/assets/three.module-D60_rKds.js                                511.31 kB │ gzip: 128.67 kB
coworld-dist/assets/main-DI8Rsiwe.js                                      2,961.38 kB │ gzip: 880.47 kB

(!) Some chunks are larger than 500 kB after minification. Consider:
- Using dynamic import() to code-split the application
- Use build.rollupOptions.output.manualChunks to improve chunking: https://rollupjs.org/configuration-options/#output-manualchunks
- Adjust chunk size limit for this warning via build.chunkSizeWarningLimit.
✓ built in 5.66s

Running 2 tests using 1 worker

  ✓  1 web/e2e/browser-smoke.spec.ts:20:1 › two browser seats render Phase and submit a Phase preference action (3.8s)
SHOT_DIR=/tmp/coworld-mtg-shots-hsjAnV
  ✓  2 web/e2e/screenshots.spec.ts:26:1 › capture player and global views (5.6s)

  2 passed (21.5s)
