   Compiling proc-macro2 v1.0.106
   Compiling unicode-ident v1.0.24
   Compiling quote v1.0.45
   Compiling syn v2.0.117
   Compiling serde_core v1.0.228
    Checking cfg-if v1.0.4
   Compiling serde v1.0.228
   Compiling serde_derive v1.0.228
   Compiling libc v0.2.186
    Checking smallvec v1.15.1
    Checking once_cell v1.21.4
    Checking itoa v1.0.18
    Checking log v0.4.29
    Checking memchr v2.8.0
    Checking pin-project-lite v0.2.17
   Compiling version_check v0.9.5
    Checking tracing-core v0.1.36
   Compiling tracing-attributes v0.1.31
   Compiling zmij v1.0.21
    Checking tracing v0.1.44
   Compiling zerocopy v0.8.48
    Checking equivalent v1.0.2
    Checking hashbrown v0.17.1
    Checking indexmap v2.14.0
    Checking typenum v1.20.0
   Compiling getrandom v0.3.4
   Compiling serde_json v1.0.149
    Checking rand_core v0.9.5
    Checking ppv-lite86 v0.2.21
   Compiling thiserror v2.0.18
   Compiling heck v0.5.0
    Checking rand_chacha v0.9.0
   Compiling thiserror-impl v2.0.18
    Checking rand v0.9.4
   Compiling toml_datetime v0.6.11
   Compiling serde_spanned v0.6.9
   Compiling toml_write v0.1.2
   Compiling winnow v0.7.15
   Compiling toml_edit v0.22.27
   Compiling toml v0.8.23
    Checking bitmaps v2.1.0
   Compiling im v15.1.0
    Checking rand_core v0.6.4
    Checking rand_xoshiro v0.6.0
    Checking sized-chunks v0.6.5
   Compiling engine v0.24.0 (/home/ubuntu/repos/phase-hushbringer-publish/crates/engine)
   Compiling strum_macros v0.27.2
    Checking fixedbitset v0.4.2
    Checking petgraph v0.6.5
    Checking strum v0.27.2
    Checking nom v8.0.0
    Checking rustc-hash v2.1.2
    Checking web-time v1.1.0
    Checking regex-syntax v0.8.10
    Checking aho-corasick v1.1.4
    Checking regex-automata v0.4.14
    Checking lazy_static v1.5.0
    Checking sharded-slab v0.1.7
    Checking matchers v0.2.0
    Checking tracing-serde v0.2.0
    Checking tracing-log v0.2.0
    Checking thread_local v1.1.9
    Checking nu-ansi-term v0.50.3
    Checking tracing-subscriber v0.3.23
    Checking phase-ai v0.24.0 (/home/ubuntu/repos/phase-hushbringer-publish/crates/phase-ai)
    Checking bitflags v2.11.1
   Compiling rustix v1.1.4
   Compiling getrandom v0.4.2
    Checking linux-raw-sys v0.12.1
   Compiling parking_lot_core v0.9.12
    Checking fastrand v2.4.1
    Checking scopeguard v1.2.0
    Checking lock_api v0.4.14
    Checking tempfile v3.27.0
    Checking futures-core v0.3.32
    Checking bytes v1.11.1
    Checking parking_lot v0.12.5
   Compiling synstructure v0.13.2
    Checking futures-sink v0.3.32
    Checking stable_deref_trait v1.2.1
    Checking errno v0.3.14
   Compiling strsim v0.11.1
   Compiling ident_case v1.0.1
   Compiling darling_core v0.23.0
    Checking signal-hook-registry v1.4.8
   Compiling zerofrom-derive v0.1.7
    Checking socket2 v0.6.3
    Checking mio v1.2.0
   Compiling tokio-macros v2.7.0
    Checking slab v0.4.12
   Compiling anyhow v1.0.102
    Checking tokio v1.52.3
    Checking zerofrom v0.1.7
   Compiling darling_macro v0.23.0
   Compiling yoke-derive v0.8.2
   Compiling find-msvc-tools v0.1.9
   Compiling shlex v1.3.0
   Compiling cc v1.2.62
    Checking yoke v0.8.2
   Compiling darling v0.23.0
   Compiling futures-macro v0.3.32
    Checking futures-task v0.3.32
    Checking futures-io v0.3.32
   Compiling pkg-config v0.3.33
   Compiling vcpkg v0.2.15
    Checking futures-util v0.3.32
   Compiling serde_with_macros v3.20.0
   Compiling zerovec-derive v0.11.3
   Compiling siphasher v1.0.3
   Compiling phf_shared v0.11.3
   Compiling rand v0.8.6
    Checking zerovec v0.11.6
    Checking serde_with v3.20.0
    Checking http v1.4.0
   Compiling displaydoc v0.2.5
   Compiling phf_generator v0.11.3
    Checking fnv v1.0.7
    Checking mtgish-import v0.24.0 (/home/ubuntu/repos/phase-hushbringer-publish/crates/mtgish-import)
   Compiling wasm-bindgen-shared v0.2.121
    Checking tinystr v0.8.3
    Checking writeable v0.6.3
   Compiling httparse v1.10.1
    Checking litemap v0.8.2
    Checking icu_locale_core v2.2.0
    Checking zerotrie v0.2.4
    Checking http-body v1.0.1
    Checking potential_utf v0.1.5
    Checking utf8_iter v1.0.4
    Checking percent-encoding v2.3.2
   Compiling icu_normalizer_data v2.2.0
   Compiling rustversion v1.0.22
   Compiling icu_properties_data v2.2.0
    Checking icu_collections v2.2.0
    Checking icu_provider v2.2.0
   Compiling openssl-sys v0.9.116
   Compiling generic-array v0.14.7
    Checking tower-service v0.3.3
   Compiling phf_codegen v0.11.3
    Checking tokio-util v0.7.18
    Checking draft-core v0.24.0 (/home/ubuntu/repos/phase-hushbringer-publish/crates/draft-core)
    Checking atomic-waker v1.1.2
    Checking try-lock v0.2.5
    Checking diff v0.1.13
   Compiling bumpalo v3.20.2
    Checking yansi v1.0.1
    Checking pretty_assertions v1.4.1
   Compiling wasm-bindgen-macro-support v0.2.121
    Checking want v0.3.1
    Checking h2 v0.4.14
    Checking icu_properties v2.2.0
   Compiling wasm-bindgen v0.2.121
    Checking icu_normalizer v2.2.0
    Checking form_urlencoded v1.2.2
    Checking futures-channel v0.3.32
    Checking sync_wrapper v1.0.2
    Checking console v0.16.3
    Checking new_debug_unreachable v1.0.6
    Checking similar v2.7.0
    Checking httpdate v1.0.3
    Checking tower-layer v0.3.3
    Checking hyper v1.9.0
    Checking insta v1.47.2
    Checking idna_adapter v1.2.2
   Compiling wasm-bindgen-macro v0.2.121
    Checking http-body-util v0.1.3
   Compiling phf_macros v0.11.3
    Checking seat-reducer v0.24.0 (/home/ubuntu/repos/phase-hushbringer-publish/crates/seat-reducer)
   Compiling openssl v0.10.80
    Checking foreign-types-shared v0.1.1
    Checking utf8parse v0.2.2
    Checking ipnet v2.12.0
    Checking base64 v0.22.1
    Checking assert_matches v1.5.0
    Checking hyper-util v0.1.20
    Checking anstyle-parse v1.0.0
    Checking foreign-types v0.3.2
    Checking phf v0.11.3
    Checking idna v1.1.0
    Checking tower v0.5.3
    Checking crypto-common v0.1.7
    Checking block-buffer v0.10.4
   Compiling string_cache_codegen v0.5.4
   Compiling ahash v0.8.12
   Compiling openssl-macros v0.1.1
   Compiling server-core v0.24.0 (/home/ubuntu/repos/phase-hushbringer-publish/crates/server-core)
    Checking ryu v1.0.23
    Checking precomputed-hash v0.1.1
    Checking mime v0.3.17
    Checking is_terminal_polyfill v1.70.2
   Compiling autocfg v1.5.0
    Checking anstyle-query v1.1.5
   Compiling native-tls v0.2.18
    Checking mac v0.1.1
    Checking anstyle v1.0.14
    Checking colorchoice v1.0.5
    Checking anstream v1.0.0
    Checking futf v0.1.5
   Compiling num-traits v0.2.19
    Checking serde_urlencoded v0.7.1
   Compiling markup5ever v0.14.1
    Checking digest v0.10.7
    Checking url v2.5.8
    Checking lobby-broker v0.24.0 (/home/ubuntu/repos/phase-hushbringer-publish/crates/lobby-broker)
    Checking cpufeatures v0.2.17
    Checking dtoa v1.0.11
    Checking openssl-probe v0.2.1
   Compiling crossbeam-utils v0.8.21
    Checking clap_lex v1.1.0
    Checking utf-8 v0.7.6
    Checking tendril v0.4.3
    Checking clap_builder v4.6.0
    Checking dtoa-short v0.3.5
    Checking sha1 v0.10.6
    Checking tower-http v0.6.10
    Checking string_cache v0.8.9
    Checking js-sys v0.3.98
   Compiling selectors v0.26.0
   Compiling libsqlite3-sys v0.30.1
   Compiling clap_derive v4.6.1
    Checking wait-timeout v0.2.1
   Compiling cssparser-macros v0.6.1
    Checking quick-error v1.2.3
    Checking data-encoding v2.11.0
    Checking byteorder v1.5.0
    Checking powerfmt v0.2.0
    Checking bit-vec v0.8.0
    Checking bit-set v0.8.0
    Checking deranged v0.5.8
    Checking fxhash v0.2.1
    Checking tungstenite v0.29.0
    Checking rusty-fork v0.3.1
    Checking cssparser v0.34.0
    Checking clap v4.6.1
    Checking serde-wasm-bindgen v0.6.5
    Checking hashbrown v0.14.5
    Checking tokio-native-tls v0.3.1
    Checking console_error_panic_hook v0.1.7
    Checking servo_arc v0.4.3
    Checking rand_xorshift v0.4.0
   Compiling derive_more v0.99.20
   Compiling match_token v0.1.0
    Checking zeroize v1.8.2
    Checking unicode-width v0.2.2
    Checking num-conv v0.2.1
    Checking time-core v0.1.8
    Checking unarray v0.1.4
    Checking proptest v1.11.0
    Checking time v0.3.47
    Checking getopts v0.2.24
    Checking rustls-pki-types v1.14.1
    Checking html5ever v0.29.1
    Checking crossbeam-channel v0.5.15
    Checking hyper-tls v0.6.0
    Checking hashlink v0.9.1
    Checking tokio-tungstenite v0.29.0
    Checking axum-core v0.5.6
    Checking serde_path_to_error v0.1.20
    Checking encoding_rs v0.8.35
    Checking fallible-streaming-iterator v0.1.9
    Checking same-file v1.0.6
    Checking ego-tree v0.10.0
    Checking fallible-iterator v0.3.0
    Checking symlink v0.1.0
    Checking matchit v0.8.4
    Checking axum v0.8.9
    Checking tracing-appender v0.2.5
    Checking rusqlite v0.32.1
    Checking scraper v0.22.0
    Checking walkdir v2.5.0
    Checking reqwest v0.12.28
    Checking regex v1.12.3
    Checking engine-inventory-gen v0.24.0 (/home/ubuntu/repos/phase-hushbringer-publish/crates/engine-inventory-gen)
    Checking feed-scraper v0.24.0 (/home/ubuntu/repos/phase-hushbringer-publish/crates/feed-scraper)
    Checking phase-server v0.24.0 (/home/ubuntu/repos/phase-hushbringer-publish/crates/phase-server)
    Checking draft-wasm v0.24.0 (/home/ubuntu/repos/phase-hushbringer-publish/crates/draft-wasm)
    Checking engine-wasm v0.24.0 (/home/ubuntu/repos/phase-hushbringer-publish/crates/engine-wasm)
    Checking manabrew-compat v0.24.0 (/home/ubuntu/repos/phase-hushbringer-publish/crates/manabrew-compat)
    Finished `dev` profile [unoptimized] target(s) in 16m 15s
