   Compiling engine v0.24.0 (/home/ubuntu/repos/phase-hushbringer-baseline-tests/crates/engine)
    Finished `test` profile [unoptimized + debuginfo] target(s) in 2m 23s
     Running tests/integration/main.rs (/home/ubuntu/repos/phase-verifiable-loop/target/debug/deps/integration-7bdd4945820186df)

running 48 tests
test trigger_suppression_event_timing::augment_subject_preserves_the_sba_owner_and_co_departed_observer_payoff ... ok

thread 'trigger_suppression_event_timing::aggregate_payment_no_hush_and_surviving_hush_single_payment_controls' (3072861) panicked at crates/engine/tests/integration/trigger_suppression_event_timing.rs:1456:5:
assertion `left == right` failed
  left: 20
 right: 21
note: run with `RUST_BACKTRACE=1` environment variable to display a backtrace
test trigger_suppression_event_timing::aggregate_payment_no_hush_and_surviving_hush_single_payment_controls ... FAILED
test trigger_suppression_event_timing::cross_pause_batch_preserves_completed_segment_compatibility_and_no_hush_twin ... ok

thread 'trigger_suppression_event_timing::delayed_cleanup_retains_persistent_and_expires_this_turn_listeners' (3072870) panicked at crates/engine/src/game/scenario.rs:3353:9:
assertion `left == right` failed: P0 life delta: expected 0, got 15 (before 20, final 35)
  left: 15
 right: 0
test trigger_suppression_event_timing::delayed_cleanup_retains_persistent_and_expires_this_turn_listeners ... FAILED

thread 'trigger_suppression_event_timing::completed_keep_sacrifice_sweeps_share_one_boundary_across_choice_routes' (3072867) panicked at crates/engine/tests/integration/trigger_suppression_event_timing.rs:806:17:
assertion `left == right` failed: route=0, hush_first=false
  left: 1
 right: 0
test trigger_suppression_event_timing::completed_keep_sacrifice_sweeps_share_one_boundary_across_choice_routes ... FAILED

thread 'trigger_suppression_event_timing::change_zone_choice_uses_selected_objects_and_finalizes_before_continuation' (3072864) panicked at crates/engine/tests/integration/trigger_suppression_event_timing.rs:2062:35:
assertion `left == right` failed
  left: 1
 right: 0
test trigger_suppression_event_timing::change_zone_choice_uses_selected_objects_and_finalizes_before_continuation ... FAILED

thread 'trigger_suppression_event_timing::controller_relative_and_conditional_suppression_bind_before_departure' (3072868) panicked at crates/engine/tests/integration/trigger_suppression_event_timing.rs:2019:9:
assertion `left == right` failed
  left: 2
 right: 1
test trigger_suppression_event_timing::controller_relative_and_conditional_suppression_bind_before_departure ... FAILED

thread 'trigger_suppression_event_timing::clause_local_disjunction_registers_once_for_eligible_sibling' (3072865) panicked at crates/engine/src/game/scenario.rs:3353:9:
assertion `left == right` failed: P0 life delta: expected 0, got 1 (before 20, final 21)
  left: 1
 right: 0
test trigger_suppression_event_timing::clause_local_disjunction_registers_once_for_eligible_sibling ... FAILED

thread 'trigger_suppression_event_timing::co_departed_observer_and_self_trigger_both_use_before_suppression' (3072866) panicked at crates/engine/src/game/scenario.rs:3353:9:
assertion `left == right` failed: P0 life delta: expected 0, got 1 (before 20, final 21)
  left: 1
 right: 0
test trigger_suppression_event_timing::co_departed_observer_and_self_trigger_both_use_before_suppression ... FAILED

thread 'trigger_suppression_event_timing::delayed_first_suppressed_occurrence_retains_one_shot_or_recurring_listener' (3072871) panicked at crates/engine/src/game/scenario.rs:3353:9:
assertion `left == right` failed: P0 life delta: expected 0, got 3 (before 20, final 23)
  left: 3
 right: 0
test trigger_suppression_event_timing::delayed_first_suppressed_occurrence_retains_one_shot_or_recurring_listener ... FAILED

thread 'trigger_suppression_event_timing::distinct_controller_delayed_listeners_keep_creation_source_and_controller' (3072878) panicked at crates/engine/src/game/scenario.rs:3353:9:
assertion `left == right` failed: P0 life delta: expected 0, got 3 (before 20, final 23)
  left: 3
 right: 0
test trigger_suppression_event_timing::distinct_controller_delayed_listeners_keep_creation_source_and_controller ... FAILED

thread 'trigger_suppression_event_timing::destroy_guard_regeneration_and_indestructible_preserve_actual_departures_only' (3072875) panicked at crates/engine/tests/integration/trigger_suppression_event_timing.rs:1668:13:
assertion `left == right` failed: protect_hush=false, regenerate=true
  left: Graveyard
 right: Battlefield
test trigger_suppression_event_timing::destroy_guard_regeneration_and_indestructible_preserve_actual_departures_only ... FAILED
test trigger_suppression_event_timing::first_departing_granter_preserves_later_member_types_and_trigger ... ok

thread 'trigger_suppression_event_timing::devour_child_sacrifice_is_independent_of_parent_co_entry' (3072877) panicked at crates/engine/tests/integration/trigger_suppression_event_timing.rs:2112:62:
assertion `left == right` failed
  left: 1
 right: 0
test trigger_suppression_event_timing::devour_child_sacrifice_is_independent_of_parent_co_entry ... FAILED

thread 'trigger_suppression_event_timing::granted_suppression_and_granted_death_trigger_use_effective_abilities' (3072882) panicked at crates/engine/src/game/scenario.rs:3353:9:
assertion `left == right` failed: P0 life delta: expected 0, got 2 (before 20, final 22)
  left: 2
 right: 0
test trigger_suppression_event_timing::granted_suppression_and_granted_death_trigger_use_effective_abilities ... FAILED
test trigger_suppression_event_timing::destroy_self_reference_and_partial_illegality_preserve_existing_guards ... ok
test trigger_suppression_event_timing::empty_sweep_and_zero_choice_do_not_leak_into_later_death ... ok

thread 'trigger_suppression_event_timing::delayed_reflexive_suppression_discards_unmatched_listener' (3072873) panicked at crates/engine/src/game/scenario.rs:3353:9:
assertion `left == right` failed: P0 life delta: expected 0, got 3 (before 20, final 23)
  left: 3
 right: 0
test trigger_suppression_event_timing::delayed_reflexive_suppression_discards_unmatched_listener ... FAILED

thread 'trigger_suppression_event_timing::delayed_native_sacrifice_and_exile_alternatives_remain_eligible' (3072872) panicked at crates/engine/src/game/scenario.rs:3353:9:
assertion `left == right` failed: P0 life delta: expected 0, got 2 (before 20, final 22)
  left: 2
 right: 0
test trigger_suppression_event_timing::delayed_native_sacrifice_and_exile_alternatives_remain_eligible ... FAILED

thread 'trigger_suppression_event_timing::known_gap_aggregate_payment_should_group_completed_selection' (3072885) panicked at crates/engine/tests/integration/trigger_suppression_event_timing.rs:1456:5:
assertion `left == right` failed
  left: 20
 right: 21
test trigger_suppression_event_timing::known_gap_aggregate_payment_should_group_completed_selection ... FAILED

thread 'trigger_suppression_event_timing::known_gap_inherited_target_sacrifice_should_group_both_departures' (3072887) panicked at crates/engine/tests/integration/trigger_suppression_event_timing.rs:1371:5:
assertion `left == right` failed
  left: 1
 right: 0
test trigger_suppression_event_timing::known_gap_inherited_target_sacrifice_should_group_both_departures ... FAILED

thread 'trigger_suppression_event_timing::known_gap_cross_pause_batch_should_share_full_group_suppression' (3072886) panicked at crates/engine/tests/integration/trigger_suppression_event_timing.rs:2090:59:
assertion `left == right` failed
  left: 1
 right: 0
test trigger_suppression_event_timing::known_gap_cross_pause_batch_should_share_full_group_suppression ... FAILED

thread 'trigger_suppression_event_timing::known_gap_legacy_direct_delayed_should_be_suppressed' (3072888) panicked at crates/engine/src/game/scenario.rs:3353:9:
assertion `left == right` failed: P0 life delta: expected 0, got 2 (before 20, final 22)
  left: 2
 right: 0
test trigger_suppression_event_timing::known_gap_legacy_direct_delayed_should_be_suppressed ... FAILED

thread 'trigger_suppression_event_timing::delayed_same_occurrence_tries_eligible_alternative_exactly_once' (3072874) panicked at crates/engine/src/game/scenario.rs:3353:9:
assertion `left == right` failed: P0 life delta: expected 0, got 4 (before 20, final 24)
  left: 4
 right: 0
test trigger_suppression_event_timing::delayed_same_occurrence_tries_eligible_alternative_exactly_once ... FAILED

thread 'trigger_suppression_event_timing::from_anywhere_and_dies_observers_choose_different_worlds' (3072881) panicked at crates/engine/src/game/scenario.rs:3353:9:
assertion `left == right` failed: P0 life delta: expected 1, got 2 (before 20, final 22)
  left: 2
 right: 1
test trigger_suppression_event_timing::from_anywhere_and_dies_observers_choose_different_worlds ... FAILED

thread 'trigger_suppression_event_timing::multi_object_spell_sacrifice_cost_preserves_commit_and_suppression' (3072891) panicked at crates/engine/tests/integration/trigger_suppression_event_timing.rs:946:13:
assertion `left == right` failed
  left: 1
 right: 0
test trigger_suppression_event_timing::multi_object_spell_sacrifice_cost_preserves_commit_and_suppression ... FAILED
test trigger_suppression_event_timing::inherited_sacrifice_no_hush_and_single_slot_controls ... ok
test trigger_suppression_event_timing::legacy_direct_delayed_no_hush_positive_controls ... ok
test trigger_suppression_event_timing::not_equals_battlefield_rejects_death_but_allows_real_library_graveyard_move ... ok
test trigger_suppression_event_timing::legacy_direct_delayed_surviving_hush_bypass_compatibility ... ok

thread 'trigger_suppression_event_timing::natural_effect_zone_choice_finalizes_before_chained_hush_departure' (3072892) panicked at crates/engine/tests/integration/trigger_suppression_event_timing.rs:919:13:
assertion `left == right` failed
  left: 1
 right: 0
test trigger_suppression_event_timing::natural_effect_zone_choice_finalizes_before_chained_hush_departure ... FAILED
test trigger_suppression_event_timing::ambiguous_registered_delayed_matchers_preserve_ungated_compatibility ... ok

thread 'trigger_suppression_event_timing::oracle_wrath_hush_first_suppresses_simultaneous_traveler_death' (3072894) panicked at crates/engine/tests/integration/trigger_suppression_event_timing.rs:134:5:
assertion `left == right` failed: simultaneous-death-suppressed; hush_first=true
  left: 1
 right: 0
test trigger_suppression_event_timing::oracle_wrath_hush_first_suppresses_simultaneous_traveler_death ... FAILED
test trigger_suppression_event_timing::oracle_wrath_without_hush_creates_exactly_one_spirit ... ok

thread 'trigger_suppression_event_timing::oracle_wrath_traveler_first_suppresses_simultaneous_traveler_death' (3072895) panicked at crates/engine/tests/integration/trigger_suppression_event_timing.rs:134:5:
assertion `left == right` failed: simultaneous-death-suppressed; hush_first=false
  left: 1
 right: 0
test trigger_suppression_event_timing::oracle_wrath_traveler_first_suppresses_simultaneous_traveler_death ... FAILED

thread 'trigger_suppression_event_timing::self_from_anywhere_exception_functions_in_destination_with_hush_surviving' (3072902) panicked at crates/engine/src/game/scenario.rs:3353:9:
assertion `left == right` failed: P0 life delta: expected 2, got 0 (before 20, final 20)
  left: 0
 right: 2
test trigger_suppression_event_timing::self_from_anywhere_exception_functions_in_destination_with_hush_surviving ... FAILED

thread 'trigger_suppression_event_timing::paused_choice_state_roundtrip_and_following_action_have_no_stale_scope' (3072898) panicked at crates/engine/tests/integration/trigger_suppression_event_timing.rs:1709:5:
assertion `left == right` failed
  left: 1
 right: 0
test trigger_suppression_event_timing::paused_choice_state_roundtrip_and_following_action_have_no_stale_scope ... FAILED

thread 'trigger_suppression_event_timing::resumed_change_zone_segment_captures_hush_and_traveler_after_natural_pause' (3072901) panicked at crates/engine/tests/integration/trigger_suppression_event_timing.rs:2078:9:
assertion `left == right` failed
  left: 2
 right: 1
test trigger_suppression_event_timing::resumed_change_zone_segment_captures_hush_and_traveler_after_natural_pause ... FAILED

thread 'trigger_suppression_event_timing::repeated_object_id_retains_distinct_incarnation_and_event_suppression' (3072900) panicked at crates/engine/tests/integration/trigger_suppression_event_timing.rs:1833:9:
assertion `left == right` failed
  left: 0
 right: 1
test trigger_suppression_event_timing::repeated_object_id_retains_distinct_incarnation_and_event_suppression ... FAILED

thread 'trigger_suppression_event_timing::sequential_destroy_instructions_bind_separate_before_worlds' (3072903) panicked at crates/engine/tests/integration/trigger_suppression_event_timing.rs:296:9:
assertion `left == right` failed
  left: 1
 right: 0
test trigger_suppression_event_timing::sequential_destroy_instructions_bind_separate_before_worlds ... FAILED
test trigger_suppression_event_timing::successive_sba_iterations_bind_new_world_after_suppressor_dies ... ok
test trigger_suppression_event_timing::single_departure_after_world_observes_ability_removal_source_leaving ... ok

thread 'trigger_suppression_event_timing::two_target_destroy_owns_one_event_in_both_target_orders' (3072907) panicked at crates/engine/tests/integration/trigger_suppression_event_timing.rs:326:13:
assertion `left == right` failed
  left: 1
 right: 0
test trigger_suppression_event_timing::two_target_destroy_owns_one_event_in_both_target_orders ... FAILED

thread 'trigger_suppression_event_timing::remaining_complete_producers_capture_each_actual_group' (3072899) panicked at crates/engine/tests/integration/trigger_suppression_event_timing.rs:880:17:
assertion `left == right` failed: route=0 hush_first=false
  left: 1
 right: 0
test trigger_suppression_event_timing::remaining_complete_producers_capture_each_actual_group ... FAILED
test trigger_suppression_event_timing::stripped_or_phased_suppressor_allows_the_same_reached_death ... ok

thread 'trigger_suppression_event_timing::unattach_fallback_and_native_cause_remain_distinct' (3072908) panicked at crates/engine/src/game/scenario.rs:3353:9:
assertion `left == right` failed: P0 life delta: expected 0, got 2 (before 20, final 22)
  left: 2
 right: 0
test trigger_suppression_event_timing::unattach_fallback_and_native_cause_remain_distinct ... FAILED

thread 'trigger_suppression_event_timing::haunt_payoff_uses_the_linked_subject_death_before_world' (3072883) panicked at crates/engine/src/game/scenario.rs:3353:9:
assertion `left == right` failed: P0 life delta: expected 0, got 3 (before 20, final 23)
  left: 3
 right: 0
test trigger_suppression_event_timing::haunt_payoff_uses_the_linked_subject_death_before_world ... FAILED
test trigger_suppression_event_timing::ordinary_ambiguous_origins_preserve_live_collection_compatibility ... ok

failures:

failures:
    trigger_suppression_event_timing::aggregate_payment_no_hush_and_surviving_hush_single_payment_controls
    trigger_suppression_event_timing::change_zone_choice_uses_selected_objects_and_finalizes_before_continuation
    trigger_suppression_event_timing::clause_local_disjunction_registers_once_for_eligible_sibling
    trigger_suppression_event_timing::co_departed_observer_and_self_trigger_both_use_before_suppression
    trigger_suppression_event_timing::completed_keep_sacrifice_sweeps_share_one_boundary_across_choice_routes
    trigger_suppression_event_timing::controller_relative_and_conditional_suppression_bind_before_departure
    trigger_suppression_event_timing::delayed_cleanup_retains_persistent_and_expires_this_turn_listeners
    trigger_suppression_event_timing::delayed_first_suppressed_occurrence_retains_one_shot_or_recurring_listener
    trigger_suppression_event_timing::delayed_native_sacrifice_and_exile_alternatives_remain_eligible
    trigger_suppression_event_timing::delayed_reflexive_suppression_discards_unmatched_listener
    trigger_suppression_event_timing::delayed_same_occurrence_tries_eligible_alternative_exactly_once
    trigger_suppression_event_timing::destroy_guard_regeneration_and_indestructible_preserve_actual_departures_only
    trigger_suppression_event_timing::devour_child_sacrifice_is_independent_of_parent_co_entry
    trigger_suppression_event_timing::distinct_controller_delayed_listeners_keep_creation_source_and_controller
    trigger_suppression_event_timing::from_anywhere_and_dies_observers_choose_different_worlds
    trigger_suppression_event_timing::granted_suppression_and_granted_death_trigger_use_effective_abilities
    trigger_suppression_event_timing::haunt_payoff_uses_the_linked_subject_death_before_world
    trigger_suppression_event_timing::known_gap_aggregate_payment_should_group_completed_selection
    trigger_suppression_event_timing::known_gap_cross_pause_batch_should_share_full_group_suppression
    trigger_suppression_event_timing::known_gap_inherited_target_sacrifice_should_group_both_departures
    trigger_suppression_event_timing::known_gap_legacy_direct_delayed_should_be_suppressed
    trigger_suppression_event_timing::multi_object_spell_sacrifice_cost_preserves_commit_and_suppression
    trigger_suppression_event_timing::natural_effect_zone_choice_finalizes_before_chained_hush_departure
    trigger_suppression_event_timing::oracle_wrath_hush_first_suppresses_simultaneous_traveler_death
    trigger_suppression_event_timing::oracle_wrath_traveler_first_suppresses_simultaneous_traveler_death
    trigger_suppression_event_timing::paused_choice_state_roundtrip_and_following_action_have_no_stale_scope
    trigger_suppression_event_timing::remaining_complete_producers_capture_each_actual_group
    trigger_suppression_event_timing::repeated_object_id_retains_distinct_incarnation_and_event_suppression
    trigger_suppression_event_timing::resumed_change_zone_segment_captures_hush_and_traveler_after_natural_pause
    trigger_suppression_event_timing::self_from_anywhere_exception_functions_in_destination_with_hush_surviving
    trigger_suppression_event_timing::sequential_destroy_instructions_bind_separate_before_worlds
    trigger_suppression_event_timing::two_target_destroy_owns_one_event_in_both_target_orders
    trigger_suppression_event_timing::unattach_fallback_and_native_cause_remain_distinct

test result: FAILED. 15 passed; 33 failed; 0 ignored; 0 measured; 2978 filtered out; finished in 1.72s

error: test failed, to rerun pass `-p engine --test integration`
