   Compiling proc-macro2 v1.0.106
   Compiling unicode-ident v1.0.24
   Compiling quote v1.0.45
   Compiling serde_core v1.0.228
   Compiling serde v1.0.228
   Compiling zmij v1.0.21
   Compiling syn v2.0.117
   Compiling libc v0.2.186
   Compiling serde_json v1.0.149
   Compiling equivalent v1.0.2
   Compiling zerocopy v0.8.48
   Compiling getrandom v0.3.4
   Compiling hashbrown v0.17.1
   Compiling indexmap v2.14.0
    Checking cfg-if v1.0.4
   Compiling toml_write v0.1.2
   Compiling serde_spanned v0.6.9
   Compiling toml_datetime v0.6.11
   Compiling winnow v0.7.15
    Checking typenum v1.20.0
   Compiling toml_edit v0.22.27
   Compiling version_check v0.9.5
   Compiling itoa v1.0.18
   Compiling memchr v2.8.0
   Compiling serde_derive v1.0.228
    Checking ppv-lite86 v0.2.21
   Compiling toml v0.8.23
   Compiling im v15.1.0
    Checking bitmaps v2.1.0
    Checking rand_core v0.9.5
   Compiling thiserror v2.0.18
   Compiling heck v0.5.0
    Checking once_cell v1.21.4
    Checking rand_core v0.6.4
   Compiling strum_macros v0.27.2
    Checking rand_xoshiro v0.6.0
    Checking tracing-core v0.1.36
   Compiling engine v0.24.0 (/home/ubuntu/repos/phase-hushbringer-baseline-tests/crates/engine)
    Checking sized-chunks v0.6.5
    Checking rand_chacha v0.9.0
   Compiling tracing-attributes v0.1.31
   Compiling thiserror-impl v2.0.18
    Checking pin-project-lite v0.2.17
    Checking fixedbitset v0.4.2
    Checking tracing v0.1.44
    Checking petgraph v0.6.5
    Checking strum v0.27.2
    Checking rand v0.9.4
    Checking smallvec v1.15.1
    Checking nom v8.0.0
    Checking rustc-hash v2.1.2
    Checking web-time v1.1.0
    Checking diff v0.1.13
    Checking yansi v1.0.1
    Checking pretty_assertions v1.4.1
    Checking manabrew-compat v0.24.0 (/home/ubuntu/repos/phase-hushbringer-baseline-tests/crates/manabrew-compat)
error[E0004]: non-exhaustive patterns: `&engine::types::GameAction::SetFullControl { .. }` not covered
    --> crates/manabrew-compat/src/lib.rs:1601:11
     |
1601 |     match action {
     |           ^^^^^^ pattern `&engine::types::GameAction::SetFullControl { .. }` not covered
     |
note: `engine::types::GameAction` defined here
    --> crates/engine/src/types/actions.rs:111:1
     |
 111 | pub enum GameAction {
     | ^^^^^^^^^^^^^^^^^^^
...
 617 |     SetFullControl {
     |     -------------- not covered
     = note: the matched value is of type `&engine::types::GameAction`
help: ensure that all possible cases are being handled by adding a match arm with a wildcard pattern or an explicit pattern as shown
     |
1860 ~         },
1861 +         &engine::types::GameAction::SetFullControl { .. } => todo!()
     |

For more information about this error, try `rustc --explain E0004`.
error: could not compile `manabrew-compat` (lib) due to 1 previous error
warning: build failed, waiting for other jobs to finish...
error: could not compile `manabrew-compat` (lib test) due to 1 previous error
