=== Card Data Generation ===
Ensuring MTGJSON token set files...
Token sets: downloaded 0, skipped 334, failed 0
Generating card data from MTGJSON via Oracle text parser...
   Compiling proc-macro2 v1.0.106
   Compiling quote v1.0.45
   Compiling unicode-ident v1.0.24
   Compiling serde_core v1.0.228
   Compiling serde v1.0.228
   Compiling zmij v1.0.21
   Compiling memchr v2.8.0
   Compiling syn v2.0.117
   Compiling cfg-if v1.0.4
   Compiling libc v0.2.186
   Compiling equivalent v1.0.2
   Compiling once_cell v1.21.4
   Compiling getrandom v0.3.4
   Compiling hashbrown v0.17.1
   Compiling zerocopy v0.8.48
   Compiling tracing-core v0.1.36
   Compiling indexmap v2.14.0
   Compiling toml_datetime v0.6.11
   Compiling serde_spanned v0.6.9
   Compiling winnow v0.7.15
   Compiling toml_write v0.1.2
   Compiling serde_json v1.0.149
   Compiling aho-corasick v1.1.4
   Compiling toml_edit v0.22.27
   Compiling serde_derive v1.0.228
   Compiling typenum v1.20.0
   Compiling log v0.4.29
   Compiling itoa v1.0.18
   Compiling version_check v0.9.5
   Compiling regex-syntax v0.8.10
   Compiling im v15.1.0
   Compiling bitmaps v2.1.0
   Compiling ppv-lite86 v0.2.21
   Compiling toml v0.8.23
   Compiling regex-automata v0.4.14
   Compiling tracing-attributes v0.1.31
   Compiling rand_core v0.9.5
   Compiling lazy_static v1.5.0
   Compiling thiserror v2.0.18
   Compiling pin-project-lite v0.2.17
   Compiling rand_core v0.6.4
   Compiling heck v0.5.0
   Compiling strum_macros v0.27.2
   Compiling matchers v0.2.0
   Compiling rand_xoshiro v0.6.0
   Compiling tracing v0.1.44
   Compiling sharded-slab v0.1.7
   Compiling rand_chacha v0.9.0
   Compiling engine v0.24.0 (/home/ubuntu/repos/phase-verifiable-loop/crates/engine)
   Compiling sized-chunks v0.6.5
   Compiling tracing-serde v0.2.0
   Compiling smallvec v1.15.1
   Compiling tracing-log v0.2.0
   Compiling thiserror-impl v2.0.18
   Compiling thread_local v1.1.9
   Compiling fixedbitset v0.4.2
   Compiling nu-ansi-term v0.50.3
   Compiling tracing-subscriber v0.3.23
   Compiling petgraph v0.6.5
   Compiling rand v0.9.4
   Compiling strum v0.27.2
   Compiling nom v8.0.0
   Compiling web-time v1.1.0
   Compiling rustc-hash v2.1.2
    Finished `tool` profile [optimized + debuginfo] target(s) in 5m 23s
Generating token preset catalog from MTGJSON set files...
Generated 2870 token presets at crates/engine/data/known-tokens.toml.tmp.f2g6g2
Token catalog changed; rebuilding generators to embed it...
   Compiling engine v0.24.0 (/home/ubuntu/repos/phase-verifiable-loop/crates/engine)
    Finished `tool` profile [optimized + debuginfo] target(s) in 58.51s
Wrote 408 creature subtypes to crates/engine/data/oracle-subtypes.json
[2m2026-09-05T07:11:12.761568Z[0m [32m INFO[0m [2moracle_gen[0m[2m:[0m Scanned 334 set files, 28295 cards with rarity data
Localized sidecars written: 5 locales (de:30079 es:29265 fr:30064 it:29452 pt:24561)
Card names written: 35772 names
Total cards: 35013
Faces indexed: 35802
Cards with unimplemented effects: 2834
Fully implemented: 32179/35013 (91.9%)
Validating card-data against current engine schema...
OK: 35802 cards parsed from client/public/card-data.json.tmp
Promoted client/public/card-data.json and client/public/card-names.json
Wrote content-addressed client/public/card-data-50335033e5bf8e08.json
Generating card coverage data...
Wrote parser warning patterns to client/public/parser-warning-patterns.json.tmp
Coverage: 31668/35802 cards supported (88.5%)
  brawl legal: 15216/16385 fully supported (92.9%)
  commander legal: 29938/32629 fully supported (91.8%)
  duel legal: 29814/32433 fully supported (91.9%)
  historic legal: 15175/16342 fully supported (92.9%)
  legacy legal: 29851/32472 fully supported (91.9%)
  modern legal: 21807/23169 fully supported (94.1%)
  oathbreaker legal: 29882/32502 fully supported (91.9%)
  pauper legal: 10571/10918 fully supported (96.8%)
  paupercommander legal: 10627/11033 fully supported (96.3%)
  pioneer legal: 14571/15443 fully supported (94.4%)
  premodern legal: 4914/5383 fully supported (91.3%)
  standard legal: 4938/5129 fully supported (96.3%)
  standardbrawl legal: 4953/5144 fully supported (96.3%)
  timeless legal: 15249/16416 fully supported (92.9%)
  vintage legal: 29867/32490 fully supported (91.9%)

Parse warnings: 1102 warnings across 3 categories
  ignored-remainder — 4 warnings (2 cards)
  swallowed-clause — 1043 warnings (941 cards)
  target-fallback — 55 warnings (51 cards)
Promoted client/public/coverage-data.json, client/public/coverage-summary.json, and client/public/parser-warning-patterns.json
Generated client/public/card-data-meta.json
Projected 869 sets to client/public/set-list.json.tmp (125159 bytes)
Promoted client/public/set-list.json
Wrote 1367 decks to client/public/decks.json.tmp (3736074 bytes; 692 fully playable, 675 partially playable, 1662 dropped as non-decks (<40 cards), 0 read errors)
Promoted client/public/decks.json
Generated client/public/card-data.json (94M, ~35772 cards)
Generated client/public/card-names.json (672K)
